<?xml version="1.0" encoding="ISO-8859-1" ?>
<link_info>
   <banner>TMS320C2000 Linker PC v21.6.0.LTS</banner>
   <copyright>Copyright (c) 1996-2018 Texas Instruments Incorporated</copyright>
   <link_time>0x699d5071</link_time>
   <link_errors>0x0</link_errors>
   <output_file>E:/Code/XG30-50KTR-PRO/2_SourceCode/OUTPUT/XG25-70K_LowVolt.out</output_file>
   <entry_point>
      <name>_c_int00</name>
      <address>0x90a7e</address>
   </entry_point>
   <input_file_list>
      <input_file id="fl-2">
         <path>.\</path>
         <kind>object</kind>
         <file>main.obj</file>
         <name>main.obj</name>
      </input_file>
      <input_file id="fl-3">
         <path>.\0_uCos\src\</path>
         <kind>object</kind>
         <file>OS_CORE.obj</file>
         <name>OS_CORE.obj</name>
      </input_file>
      <input_file id="fl-4">
         <path>.\0_uCos\src\</path>
         <kind>object</kind>
         <file>OS_CPU.obj</file>
         <name>OS_CPU.obj</name>
      </input_file>
      <input_file id="fl-5">
         <path>.\0_uCos\src\</path>
         <kind>object</kind>
         <file>OS_CPU_A.obj</file>
         <name>OS_CPU_A.obj</name>
      </input_file>
      <input_file id="fl-6">
         <path>.\0_uCos\src\</path>
         <kind>object</kind>
         <file>OS_EVENT.obj</file>
         <name>OS_EVENT.obj</name>
      </input_file>
      <input_file id="fl-7">
         <path>.\0_uCos\src\</path>
         <kind>object</kind>
         <file>OS_SHELL.obj</file>
         <name>OS_SHELL.obj</name>
      </input_file>
      <input_file id="fl-8">
         <path>.\0_uCos\src\</path>
         <kind>object</kind>
         <file>OS_TIMER.obj</file>
         <name>OS_TIMER.obj</name>
      </input_file>
      <input_file id="fl-9">
         <path>.\1_Library\F28075\F2807x_common\source\</path>
         <kind>object</kind>
         <file>F2807x_Adc.obj</file>
         <name>F2807x_Adc.obj</name>
      </input_file>
      <input_file id="fl-a">
         <path>.\1_Library\F28075\F2807x_common\source\</path>
         <kind>object</kind>
         <file>F2807x_CodeStartBranch.obj</file>
         <name>F2807x_CodeStartBranch.obj</name>
      </input_file>
      <input_file id="fl-b">
         <path>.\1_Library\F28075\F2807x_common\source\</path>
         <kind>object</kind>
         <file>F2807x_CpuTimers.obj</file>
         <name>F2807x_CpuTimers.obj</name>
      </input_file>
      <input_file id="fl-c">
         <path>.\1_Library\F28075\F2807x_common\source\</path>
         <kind>object</kind>
         <file>F2807x_DBGIER.obj</file>
         <name>F2807x_DBGIER.obj</name>
      </input_file>
      <input_file id="fl-d">
         <path>.\1_Library\F28075\F2807x_common\source\</path>
         <kind>object</kind>
         <file>F2807x_DefaultISR.obj</file>
         <name>F2807x_DefaultISR.obj</name>
      </input_file>
      <input_file id="fl-e">
         <path>.\1_Library\F28075\F2807x_common\source\</path>
         <kind>object</kind>
         <file>F2807x_Dma.obj</file>
         <name>F2807x_Dma.obj</name>
      </input_file>
      <input_file id="fl-f">
         <path>.\1_Library\F28075\F2807x_common\source\</path>
         <kind>object</kind>
         <file>F2807x_ECap.obj</file>
         <name>F2807x_ECap.obj</name>
      </input_file>
      <input_file id="fl-10">
         <path>.\1_Library\F28075\F2807x_common\source\</path>
         <kind>object</kind>
         <file>F2807x_EPwm.obj</file>
         <name>F2807x_EPwm.obj</name>
      </input_file>
      <input_file id="fl-11">
         <path>.\1_Library\F28075\F2807x_common\source\</path>
         <kind>object</kind>
         <file>F2807x_EQep.obj</file>
         <name>F2807x_EQep.obj</name>
      </input_file>
      <input_file id="fl-12">
         <path>.\1_Library\F28075\F2807x_common\source\</path>
         <kind>object</kind>
         <file>F2807x_Emif.obj</file>
         <name>F2807x_Emif.obj</name>
      </input_file>
      <input_file id="fl-13">
         <path>.\1_Library\F28075\F2807x_common\source\</path>
         <kind>object</kind>
         <file>F2807x_Gpio.obj</file>
         <name>F2807x_Gpio.obj</name>
      </input_file>
      <input_file id="fl-14">
         <path>.\1_Library\F28075\F2807x_common\source\</path>
         <kind>object</kind>
         <file>F2807x_I2C.obj</file>
         <name>F2807x_I2C.obj</name>
      </input_file>
      <input_file id="fl-15">
         <path>.\1_Library\F28075\F2807x_common\source\</path>
         <kind>object</kind>
         <file>F2807x_Mcbsp.obj</file>
         <name>F2807x_Mcbsp.obj</name>
      </input_file>
      <input_file id="fl-16">
         <path>.\1_Library\F28075\F2807x_common\source\</path>
         <kind>object</kind>
         <file>F2807x_PieCtrl.obj</file>
         <name>F2807x_PieCtrl.obj</name>
      </input_file>
      <input_file id="fl-17">
         <path>.\1_Library\F28075\F2807x_common\source\</path>
         <kind>object</kind>
         <file>F2807x_PieVect.obj</file>
         <name>F2807x_PieVect.obj</name>
      </input_file>
      <input_file id="fl-18">
         <path>.\1_Library\F28075\F2807x_common\source\</path>
         <kind>object</kind>
         <file>F2807x_Sci.obj</file>
         <name>F2807x_Sci.obj</name>
      </input_file>
      <input_file id="fl-19">
         <path>.\1_Library\F28075\F2807x_common\source\</path>
         <kind>object</kind>
         <file>F2807x_Spi.obj</file>
         <name>F2807x_Spi.obj</name>
      </input_file>
      <input_file id="fl-1a">
         <path>.\1_Library\F28075\F2807x_common\source\</path>
         <kind>object</kind>
         <file>F2807x_SysCtrl.obj</file>
         <name>F2807x_SysCtrl.obj</name>
      </input_file>
      <input_file id="fl-1b">
         <path>.\1_Library\F28075\F2807x_common\source\</path>
         <kind>object</kind>
         <file>F2807x_TempSensorConv.obj</file>
         <name>F2807x_TempSensorConv.obj</name>
      </input_file>
      <input_file id="fl-1c">
         <path>.\1_Library\F28075\F2807x_common\source\</path>
         <kind>object</kind>
         <file>F2807x_sci_io.obj</file>
         <name>F2807x_sci_io.obj</name>
      </input_file>
      <input_file id="fl-1d">
         <path>.\1_Library\F28075\F2807x_common\source\</path>
         <kind>object</kind>
         <file>F2807x_sdfm_drivers.obj</file>
         <name>F2807x_sdfm_drivers.obj</name>
      </input_file>
      <input_file id="fl-1e">
         <path>.\1_Library\F28075\F2807x_common\source\</path>
         <kind>object</kind>
         <file>F2807x_struct.obj</file>
         <name>F2807x_struct.obj</name>
      </input_file>
      <input_file id="fl-1f">
         <path>.\1_Library\F28075\F2807x_common\source\</path>
         <kind>object</kind>
         <file>F2807x_usDelay.obj</file>
         <name>F2807x_usDelay.obj</name>
      </input_file>
      <input_file id="fl-20">
         <path>.\1_Library\F28075\F2807x_common\source\</path>
         <kind>object</kind>
         <file>Fapi_UserDefinedFunctions.obj</file>
         <name>Fapi_UserDefinedFunctions.obj</name>
      </input_file>
      <input_file id="fl-21">
         <path>.\1_Library\F28075\F2807x_headers\source\</path>
         <kind>object</kind>
         <file>F2807x_GlobalVariableDefs.obj</file>
         <name>F2807x_GlobalVariableDefs.obj</name>
      </input_file>
      <input_file id="fl-22">
         <path>.\1_Library\PUBLIC\src\</path>
         <kind>object</kind>
         <file>Library.obj</file>
         <name>Library.obj</name>
      </input_file>
      <input_file id="fl-23">
         <path>.\1_Library\PUBLIC\src\</path>
         <kind>object</kind>
         <file>driver_uart_com.obj</file>
         <name>driver_uart_com.obj</name>
      </input_file>
      <input_file id="fl-24">
         <path>.\2_Interrupt\InterruptFcn\src\</path>
         <kind>object</kind>
         <file>isr_adc.obj</file>
         <name>isr_adc.obj</name>
      </input_file>
      <input_file id="fl-25">
         <path>.\2_Interrupt\InterruptFcn\src\</path>
         <kind>object</kind>
         <file>isr_boost_ctrl.obj</file>
         <name>isr_boost_ctrl.obj</name>
      </input_file>
      <input_file id="fl-26">
         <path>.\2_Interrupt\InterruptFcn\src\</path>
         <kind>object</kind>
         <file>isr_inv_ctrl.obj</file>
         <name>isr_inv_ctrl.obj</name>
      </input_file>
      <input_file id="fl-27">
         <path>.\2_Interrupt\InterruptFcn\src\</path>
         <kind>object</kind>
         <file>isr_main_fuction.obj</file>
         <name>isr_main_fuction.obj</name>
      </input_file>
      <input_file id="fl-28">
         <path>.\2_Interrupt\InterruptFcn\src\</path>
         <kind>object</kind>
         <file>isr_pll.obj</file>
         <name>isr_pll.obj</name>
      </input_file>
      <input_file id="fl-29">
         <path>.\2_Interrupt\InterruptFcn\src\</path>
         <kind>object</kind>
         <file>isr_protect.obj</file>
         <name>isr_protect.obj</name>
      </input_file>
      <input_file id="fl-2a">
         <path>.\2_Interrupt\InterruptFcn\src\</path>
         <kind>object</kind>
         <file>isr_pwm_gen.obj</file>
         <name>isr_pwm_gen.obj</name>
      </input_file>
      <input_file id="fl-2b">
         <path>.\2_Interrupt\InterruptInit\src\</path>
         <kind>object</kind>
         <file>isr_init.obj</file>
         <name>isr_init.obj</name>
      </input_file>
      <input_file id="fl-2c">
         <path>.\3_TaskApp\Task_ACOutput\src\</path>
         <kind>object</kind>
         <file>calc_ac_rms.obj</file>
         <name>calc_ac_rms.obj</name>
      </input_file>
      <input_file id="fl-2d">
         <path>.\3_TaskApp\Task_ACOutput\src\</path>
         <kind>object</kind>
         <file>reactive_power_ctrl.obj</file>
         <name>reactive_power_ctrl.obj</name>
      </input_file>
      <input_file id="fl-2e">
         <path>.\3_TaskApp\Task_ACOutput\src\</path>
         <kind>object</kind>
         <file>safty_auto_test.obj</file>
         <name>safty_auto_test.obj</name>
      </input_file>
      <input_file id="fl-2f">
         <path>.\3_TaskApp\Task_ACOutput\src\</path>
         <kind>object</kind>
         <file>safty_dci_check.obj</file>
         <name>safty_dci_check.obj</name>
      </input_file>
      <input_file id="fl-30">
         <path>.\3_TaskApp\Task_ACOutput\src\</path>
         <kind>object</kind>
         <file>safty_fan_ctrl.obj</file>
         <name>safty_fan_ctrl.obj</name>
      </input_file>
      <input_file id="fl-31">
         <path>.\3_TaskApp\Task_ACOutput\src\</path>
         <kind>object</kind>
         <file>safty_freq_derating.obj</file>
         <name>safty_freq_derating.obj</name>
      </input_file>
      <input_file id="fl-32">
         <path>.\3_TaskApp\Task_ACOutput\src\</path>
         <kind>object</kind>
         <file>safty_gfci_check.obj</file>
         <name>safty_gfci_check.obj</name>
      </input_file>
      <input_file id="fl-33">
         <path>.\3_TaskApp\Task_ACOutput\src\</path>
         <kind>object</kind>
         <file>safty_grid_freq_check.obj</file>
         <name>safty_grid_freq_check.obj</name>
      </input_file>
      <input_file id="fl-34">
         <path>.\3_TaskApp\Task_ACOutput\src\</path>
         <kind>object</kind>
         <file>safty_grid_volt_check.obj</file>
         <name>safty_grid_volt_check.obj</name>
      </input_file>
      <input_file id="fl-35">
         <path>.\3_TaskApp\Task_ACOutput\src\</path>
         <kind>object</kind>
         <file>safty_load_limit.obj</file>
         <name>safty_load_limit.obj</name>
      </input_file>
      <input_file id="fl-36">
         <path>.\3_TaskApp\Task_ACOutput\src\</path>
         <kind>object</kind>
         <file>task_ACOutput.obj</file>
         <name>task_ACOutput.obj</name>
      </input_file>
      <input_file id="fl-37">
         <path>.\3_TaskApp\Task_ComAfci\src\</path>
         <kind>object</kind>
         <file>task_afci_debug.obj</file>
         <name>task_afci_debug.obj</name>
      </input_file>
      <input_file id="fl-38">
         <path>.\3_TaskApp\Task_ComDebug\src\</path>
         <kind>object</kind>
         <file>modbus_protocol.obj</file>
         <name>modbus_protocol.obj</name>
      </input_file>
      <input_file id="fl-39">
         <path>.\3_TaskApp\Task_ComDebug\src\</path>
         <kind>object</kind>
         <file>task_com_debug.obj</file>
         <name>task_com_debug.obj</name>
      </input_file>
      <input_file id="fl-3a">
         <path>.\3_TaskApp\Task_ComF042\src\</path>
         <kind>object</kind>
         <file>task_com_f042.obj</file>
         <name>task_com_f042.obj</name>
      </input_file>
      <input_file id="fl-3b">
         <path>.\3_TaskApp\Task_ComF107\src\</path>
         <kind>object</kind>
         <file>com_data_deal.obj</file>
         <name>com_data_deal.obj</name>
      </input_file>
      <input_file id="fl-3c">
         <path>.\3_TaskApp\Task_ComF107\src\</path>
         <kind>object</kind>
         <file>task_com_f107.obj</file>
         <name>task_com_f107.obj</name>
      </input_file>
      <input_file id="fl-3d">
         <path>.\3_TaskApp\Task_ControlLoop\src\</path>
         <kind>object</kind>
         <file>task_control_loop.obj</file>
         <name>task_control_loop.obj</name>
      </input_file>
      <input_file id="fl-3e">
         <path>.\3_TaskApp\Task_PVInput\src\</path>
         <kind>object</kind>
         <file>IV_Curve.obj</file>
         <name>IV_Curve.obj</name>
      </input_file>
      <input_file id="fl-3f">
         <path>.\3_TaskApp\Task_PVInput\src\</path>
         <kind>object</kind>
         <file>calc_mppt_condition.obj</file>
         <name>calc_mppt_condition.obj</name>
      </input_file>
      <input_file id="fl-40">
         <path>.\3_TaskApp\Task_PVInput\src\</path>
         <kind>object</kind>
         <file>calc_pv_avg.obj</file>
         <name>calc_pv_avg.obj</name>
      </input_file>
      <input_file id="fl-41">
         <path>.\3_TaskApp\Task_PVInput\src\</path>
         <kind>object</kind>
         <file>check_turn_on.obj</file>
         <name>check_turn_on.obj</name>
      </input_file>
      <input_file id="fl-42">
         <path>.\3_TaskApp\Task_PVInput\src\</path>
         <kind>object</kind>
         <file>run_mppt.obj</file>
         <name>run_mppt.obj</name>
      </input_file>
      <input_file id="fl-43">
         <path>.\3_TaskApp\Task_PVInput\src\</path>
         <kind>object</kind>
         <file>safty_dc_sample.obj</file>
         <name>safty_dc_sample.obj</name>
      </input_file>
      <input_file id="fl-44">
         <path>.\3_TaskApp\Task_PVInput\src\</path>
         <kind>object</kind>
         <file>safty_iso_check.obj</file>
         <name>safty_iso_check.obj</name>
      </input_file>
      <input_file id="fl-45">
         <path>.\3_TaskApp\Task_PVInput\src\</path>
         <kind>object</kind>
         <file>safty_others_check.obj</file>
         <name>safty_others_check.obj</name>
      </input_file>
      <input_file id="fl-46">
         <path>.\3_TaskApp\Task_PVInput\src\</path>
         <kind>object</kind>
         <file>task_PVInput.obj</file>
         <name>task_PVInput.obj</name>
      </input_file>
      <input_file id="fl-47">
         <path>.\3_TaskApp\Task_Status\src\</path>
         <kind>object</kind>
         <file>safty_relay_check.obj</file>
         <name>safty_relay_check.obj</name>
      </input_file>
      <input_file id="fl-48">
         <path>.\3_TaskApp\Task_Status\src\</path>
         <kind>object</kind>
         <file>task_status.obj</file>
         <name>task_status.obj</name>
      </input_file>
      <input_file id="fl-49">
         <path>.\4_System\SystemInit\src\</path>
         <kind>object</kind>
         <file>system_periph_init.obj</file>
         <name>system_periph_init.obj</name>
      </input_file>
      <input_file id="fl-4a">
         <path>.\4_System\SystemInit\src\</path>
         <kind>object</kind>
         <file>system_variable_init.obj</file>
         <name>system_variable_init.obj</name>
      </input_file>
      <input_file id="fl-4b">
         <path>.\4_System\SystemUpdate\update_dsp\src\</path>
         <kind>object</kind>
         <file>update_dsp.obj</file>
         <name>update_dsp.obj</name>
      </input_file>
      <input_file id="fl-54">
         <kind>object</kind>
         <file>&lt;internal&gt;</file>
         <name>&lt;internal&gt;</name>
      </input_file>
      <input_file id="fl-55">
         <path>..\1_Library\F28075\F2807x_common\</path>
         <kind>archive</kind>
         <file>F021_API_F2837xD_FPU32.lib</file>
         <name>Async.obj</name>
      </input_file>
      <input_file id="fl-56">
         <path>..\1_Library\F28075\F2807x_common\</path>
         <kind>archive</kind>
         <file>F021_API_F2837xD_FPU32.lib</file>
         <name>Init.obj</name>
      </input_file>
      <input_file id="fl-57">
         <path>..\1_Library\F28075\F2807x_common\</path>
         <kind>archive</kind>
         <file>F021_API_F2837xD_FPU32.lib</file>
         <name>FlashStateMachine.obj</name>
      </input_file>
      <input_file id="fl-58">
         <path>..\1_Library\F28075\F2807x_common\</path>
         <kind>archive</kind>
         <file>F021_API_F2837xD_FPU32.lib</file>
         <name>Program.obj</name>
      </input_file>
      <input_file id="fl-59">
         <path>..\1_Library\F28075\F2807x_common\</path>
         <kind>archive</kind>
         <file>F021_API_F2837xD_FPU32.lib</file>
         <name>FlashStateMachine.obj</name>
      </input_file>
      <input_file id="fl-5a">
         <path>..\1_Library\F28075\F2807x_common\</path>
         <kind>archive</kind>
         <file>F021_API_F2837xD_FPU32.lib</file>
         <name>Utilities.obj</name>
      </input_file>
      <input_file id="fl-5b">
         <path>..\1_Library\F28075\F2807x_common\lib\</path>
         <kind>archive</kind>
         <file>IQmath_fpu32.lib</file>
         <name>IQ24cos.obj</name>
      </input_file>
      <input_file id="fl-5c">
         <path>..\1_Library\F28075\F2807x_common\lib\</path>
         <kind>archive</kind>
         <file>IQmath_fpu32.lib</file>
         <name>IQ24sin.obj</name>
      </input_file>
      <input_file id="fl-5d">
         <path>..\1_Library\F28075\F2807x_common\lib\</path>
         <kind>archive</kind>
         <file>IQmath_fpu32.lib</file>
         <name>IQmathTables.obj</name>
      </input_file>
      <input_file id="fl-69">
         <path>D:\ti\ccs1110\ccs\tools\compiler\ti-cgt-c2000_21.6.0.LTS\lib\</path>
         <kind>archive</kind>
         <file>rts2800_fpu32.lib</file>
         <name>boot28.asm.obj</name>
      </input_file>
      <input_file id="fl-6a">
         <path>D:\ti\ccs1110\ccs\tools\compiler\ti-cgt-c2000_21.6.0.LTS\lib\</path>
         <kind>archive</kind>
         <file>rts2800_fpu32.lib</file>
         <name>fs_div28.asm.obj</name>
      </input_file>
      <input_file id="fl-6b">
         <path>D:\ti\ccs1110\ccs\tools\compiler\ti-cgt-c2000_21.6.0.LTS\lib\</path>
         <kind>archive</kind>
         <file>rts2800_fpu32.lib</file>
         <name>ll_aox28.asm.obj</name>
      </input_file>
      <input_file id="fl-6c">
         <path>D:\ti\ccs1110\ccs\tools\compiler\ti-cgt-c2000_21.6.0.LTS\lib\</path>
         <kind>archive</kind>
         <file>rts2800_fpu32.lib</file>
         <name>ll_cmp28.asm.obj</name>
      </input_file>
      <input_file id="fl-6d">
         <path>D:\ti\ccs1110\ccs\tools\compiler\ti-cgt-c2000_21.6.0.LTS\lib\</path>
         <kind>archive</kind>
         <file>rts2800_fpu32.lib</file>
         <name>ll_div28.asm.obj</name>
      </input_file>
      <input_file id="fl-6e">
         <path>D:\ti\ccs1110\ccs\tools\compiler\ti-cgt-c2000_21.6.0.LTS\lib\</path>
         <kind>archive</kind>
         <file>rts2800_fpu32.lib</file>
         <name>i_div28.asm.obj</name>
      </input_file>
      <input_file id="fl-6f">
         <path>D:\ti\ccs1110\ccs\tools\compiler\ti-cgt-c2000_21.6.0.LTS\lib\</path>
         <kind>archive</kind>
         <file>rts2800_fpu32.lib</file>
         <name>l_div28.asm.obj</name>
      </input_file>
      <input_file id="fl-70">
         <path>D:\ti\ccs1110\ccs\tools\compiler\ti-cgt-c2000_21.6.0.LTS\lib\</path>
         <kind>archive</kind>
         <file>rts2800_fpu32.lib</file>
         <name>cpy_tbl.c.obj</name>
      </input_file>
      <input_file id="fl-71">
         <path>D:\ti\ccs1110\ccs\tools\compiler\ti-cgt-c2000_21.6.0.LTS\lib\</path>
         <kind>archive</kind>
         <file>rts2800_fpu32.lib</file>
         <name>memcpy.c.obj</name>
      </input_file>
      <input_file id="fl-72">
         <path>D:\ti\ccs1110\ccs\tools\compiler\ti-cgt-c2000_21.6.0.LTS\lib\</path>
         <kind>archive</kind>
         <file>rts2800_fpu32.lib</file>
         <name>pre_init.c.obj</name>
      </input_file>
      <input_file id="fl-73">
         <path>D:\ti\ccs1110\ccs\tools\compiler\ti-cgt-c2000_21.6.0.LTS\lib\</path>
         <kind>archive</kind>
         <file>rts2800_fpu32.lib</file>
         <name>startup.c.obj</name>
      </input_file>
      <input_file id="fl-74">
         <path>D:\ti\ccs1110\ccs\tools\compiler\ti-cgt-c2000_21.6.0.LTS\lib\</path>
         <kind>archive</kind>
         <file>rts2800_fpu32.lib</file>
         <name>exit.c.obj</name>
      </input_file>
      <input_file id="fl-75">
         <path>D:\ti\ccs1110\ccs\tools\compiler\ti-cgt-c2000_21.6.0.LTS\lib\</path>
         <kind>archive</kind>
         <file>rts2800_fpu32.lib</file>
         <name>_lock.c.obj</name>
      </input_file>
      <input_file id="fl-76">
         <path>D:\ti\ccs1110\ccs\tools\compiler\ti-cgt-c2000_21.6.0.LTS\lib\</path>
         <kind>archive</kind>
         <file>rts2800_fpu32.lib</file>
         <name>args_main.c.obj</name>
      </input_file>
      <input_file id="fl-77">
         <path>D:\ti\ccs1110\ccs\tools\compiler\ti-cgt-c2000_21.6.0.LTS\lib\</path>
         <kind>archive</kind>
         <file>rts2800_fpu32.lib</file>
         <name>memset.c.obj</name>
      </input_file>
   </input_file_list>
   <object_component_list>
      <object_component id="oc-19c">
         <name>.cinit</name>
         <load_address>0x84000</load_address>
         <run_address>0x84000</run_address>
         <size>0x5b</size>
         <input_file_ref idref="fl-24"/>
      </object_component>
      <object_component id="oc-19e">
         <name>.cinit:_pArithValArray</name>
         <load_address>0x8405b</load_address>
         <run_address>0x8405b</run_address>
         <size>0x53</size>
         <input_file_ref idref="fl-39"/>
      </object_component>
      <object_component id="oc-1ab">
         <name>.cinit</name>
         <load_address>0x840ae</load_address>
         <run_address>0x840ae</run_address>
         <size>0x4f</size>
         <input_file_ref idref="fl-26"/>
      </object_component>
      <object_component id="oc-3ab">
         <name>.cinit:_ud25_40kwBoostResistanceTable</name>
         <load_address>0x840fd</load_address>
         <run_address>0x840fd</run_address>
         <size>0x45</size>
         <input_file_ref idref="fl-40"/>
      </object_component>
      <object_component id="oc-3a9">
         <name>.cinit:_ud50_70kwInvNTCResistanceTable</name>
         <load_address>0x84142</load_address>
         <run_address>0x84142</run_address>
         <size>0x45</size>
         <input_file_ref idref="fl-40"/>
      </object_component>
      <object_component id="oc-3ad">
         <name>.cinit:_udAmbResistanceTable36Plus</name>
         <load_address>0x84187</load_address>
         <run_address>0x84187</run_address>
         <size>0x45</size>
         <input_file_ref idref="fl-40"/>
      </object_component>
      <object_component id="oc-3af">
         <name>.cinit:_udAmbResistanceTable</name>
         <load_address>0x841cc</load_address>
         <run_address>0x841cc</run_address>
         <size>0x45</size>
         <input_file_ref idref="fl-40"/>
      </object_component>
      <object_component id="oc-245">
         <name>.cinit</name>
         <load_address>0x84211</load_address>
         <run_address>0x84211</run_address>
         <size>0x39</size>
         <input_file_ref idref="fl-3c"/>
      </object_component>
      <object_component id="oc-1c1">
         <name>.cinit</name>
         <load_address>0x8424a</load_address>
         <run_address>0x8424a</run_address>
         <size>0x36</size>
         <input_file_ref idref="fl-29"/>
      </object_component>
      <object_component id="oc-29a">
         <name>.cinit</name>
         <load_address>0x84280</load_address>
         <run_address>0x84280</run_address>
         <size>0x33</size>
         <input_file_ref idref="fl-48"/>
      </object_component>
      <object_component id="oc-1fe">
         <name>.cinit</name>
         <load_address>0x842b3</load_address>
         <run_address>0x842b3</run_address>
         <size>0x30</size>
         <input_file_ref idref="fl-32"/>
      </object_component>
      <object_component id="oc-221">
         <name>.cinit</name>
         <load_address>0x842e3</load_address>
         <run_address>0x842e3</run_address>
         <size>0x30</size>
         <input_file_ref idref="fl-37"/>
      </object_component>
      <object_component id="oc-1f0">
         <name>.cinit</name>
         <load_address>0x84313</load_address>
         <run_address>0x84313</run_address>
         <size>0x28</size>
         <input_file_ref idref="fl-30"/>
      </object_component>
      <object_component id="oc-20c">
         <name>.cinit</name>
         <load_address>0x8433b</load_address>
         <run_address>0x8433b</run_address>
         <size>0x28</size>
         <input_file_ref idref="fl-34"/>
      </object_component>
      <object_component id="oc-1d4">
         <name>.cinit</name>
         <load_address>0x84363</load_address>
         <run_address>0x84363</run_address>
         <size>0x26</size>
         <input_file_ref idref="fl-2c"/>
      </object_component>
      <object_component id="oc-1db">
         <name>.cinit</name>
         <load_address>0x84389</load_address>
         <run_address>0x84389</run_address>
         <size>0x26</size>
         <input_file_ref idref="fl-2d"/>
      </object_component>
      <object_component id="oc-159">
         <name>.cinit:_TRIP_SEL</name>
         <load_address>0x843af</load_address>
         <run_address>0x843af</run_address>
         <size>0x21</size>
         <input_file_ref idref="fl-1e"/>
      </object_component>
      <object_component id="oc-1f7">
         <name>.cinit</name>
         <load_address>0x843d0</load_address>
         <run_address>0x843d0</run_address>
         <size>0x1f</size>
         <input_file_ref idref="fl-31"/>
      </object_component>
      <object_component id="oc-17e">
         <name>.cinit:_EPWM</name>
         <load_address>0x843ef</load_address>
         <run_address>0x843ef</run_address>
         <size>0x1d</size>
         <input_file_ref idref="fl-1e"/>
      </object_component>
      <object_component id="oc-195">
         <name>.cinit</name>
         <load_address>0x8440c</load_address>
         <run_address>0x8440c</run_address>
         <size>0x1c</size>
         <input_file_ref idref="fl-23"/>
      </object_component>
      <object_component id="oc-205">
         <name>.cinit</name>
         <load_address>0x84428</load_address>
         <run_address>0x84428</run_address>
         <size>0x1c</size>
         <input_file_ref idref="fl-33"/>
      </object_component>
      <object_component id="oc-213">
         <name>.cinit</name>
         <load_address>0x84444</load_address>
         <run_address>0x84444</run_address>
         <size>0x1c</size>
         <input_file_ref idref="fl-35"/>
      </object_component>
      <object_component id="oc-262">
         <name>.cinit</name>
         <load_address>0x84460</load_address>
         <run_address>0x84460</run_address>
         <size>0x15</size>
         <input_file_ref idref="fl-40"/>
      </object_component>
      <object_component id="oc-27e">
         <name>.cinit</name>
         <load_address>0x84475</load_address>
         <run_address>0x84475</run_address>
         <size>0x15</size>
         <input_file_ref idref="fl-44"/>
      </object_component>
      <object_component id="oc-25b">
         <name>.cinit</name>
         <load_address>0x8448a</load_address>
         <run_address>0x8448a</run_address>
         <size>0x14</size>
         <input_file_ref idref="fl-3f"/>
      </object_component>
      <object_component id="oc-1e9">
         <name>.cinit</name>
         <load_address>0x8449e</load_address>
         <run_address>0x8449e</run_address>
         <size>0x14</size>
         <input_file_ref idref="fl-2f"/>
      </object_component>
      <object_component id="oc-22f">
         <name>.cinit</name>
         <load_address>0x844b2</load_address>
         <run_address>0x844b2</run_address>
         <size>0x14</size>
         <input_file_ref idref="fl-39"/>
      </object_component>
      <object_component id="oc-152">
         <name>.cinit:_ECAP</name>
         <load_address>0x844c6</load_address>
         <run_address>0x844c6</run_address>
         <size>0x11</size>
         <input_file_ref idref="fl-1e"/>
      </object_component>
      <object_component id="oc-285">
         <name>.cinit</name>
         <load_address>0x844d7</load_address>
         <run_address>0x844d7</run_address>
         <size>0x10</size>
         <input_file_ref idref="fl-45"/>
      </object_component>
      <object_component id="oc-21a">
         <name>.cinit</name>
         <load_address>0x844e7</load_address>
         <run_address>0x844e7</run_address>
         <size>0x10</size>
         <input_file_ref idref="fl-36"/>
      </object_component>
      <object_component id="oc-30c">
         <name>.cinit</name>
         <load_address>0x844f7</load_address>
         <run_address>0x844f7</run_address>
         <size>0xe</size>
         <input_file_ref idref="fl-74"/>
      </object_component>
      <object_component id="oc-1a4">
         <name>.cinit</name>
         <load_address>0x84505</load_address>
         <run_address>0x84505</run_address>
         <size>0xc</size>
         <input_file_ref idref="fl-25"/>
      </object_component>
      <object_component id="oc-1ba">
         <name>.cinit</name>
         <load_address>0x84511</load_address>
         <run_address>0x84511</run_address>
         <size>0xc</size>
         <input_file_ref idref="fl-28"/>
      </object_component>
      <object_component id="oc-1e2">
         <name>.cinit</name>
         <load_address>0x8451d</load_address>
         <run_address>0x8451d</run_address>
         <size>0xc</size>
         <input_file_ref idref="fl-2e"/>
      </object_component>
      <object_component id="oc-277">
         <name>.cinit</name>
         <load_address>0x84529</load_address>
         <run_address>0x84529</run_address>
         <size>0xc</size>
         <input_file_ref idref="fl-43"/>
      </object_component>
      <object_component id="oc-238">
         <name>.cinit</name>
         <load_address>0x84535</load_address>
         <run_address>0x84535</run_address>
         <size>0xc</size>
         <input_file_ref idref="fl-3a"/>
      </object_component>
      <object_component id="oc-174">
         <name>.cinit:_ADC</name>
         <load_address>0x84541</load_address>
         <run_address>0x84541</run_address>
         <size>0xb</size>
         <input_file_ref idref="fl-1e"/>
      </object_component>
      <object_component id="oc-15d">
         <name>.cinit:_EQEP</name>
         <load_address>0x8454c</load_address>
         <run_address>0x8454c</run_address>
         <size>0xb</size>
         <input_file_ref idref="fl-1e"/>
      </object_component>
      <object_component id="oc-13f">
         <name>.cinit:_SPI</name>
         <load_address>0x84557</load_address>
         <run_address>0x84557</run_address>
         <size>0xb</size>
         <input_file_ref idref="fl-1e"/>
      </object_component>
      <object_component id="oc-179">
         <name>.cinit:_SDFM</name>
         <load_address>0x84562</load_address>
         <run_address>0x84562</run_address>
         <size>0x9</size>
         <input_file_ref idref="fl-1e"/>
      </object_component>
      <object_component id="oc-269">
         <name>.cinit</name>
         <load_address>0x8456b</load_address>
         <run_address>0x8456b</run_address>
         <size>0x8</size>
         <input_file_ref idref="fl-41"/>
      </object_component>
      <object_component id="oc-1b2">
         <name>.cinit</name>
         <load_address>0x84573</load_address>
         <run_address>0x84573</run_address>
         <size>0x8</size>
         <input_file_ref idref="fl-27"/>
      </object_component>
      <object_component id="oc-1c8">
         <name>.cinit</name>
         <load_address>0x8457b</load_address>
         <run_address>0x8457b</run_address>
         <size>0x8</size>
         <input_file_ref idref="fl-2a"/>
      </object_component>
      <object_component id="oc-293">
         <name>.cinit</name>
         <load_address>0x84583</load_address>
         <run_address>0x84583</run_address>
         <size>0x8</size>
         <input_file_ref idref="fl-47"/>
      </object_component>
      <object_component id="oc-161">
         <name>.cinit:_I2C</name>
         <load_address>0x8458b</load_address>
         <run_address>0x8458b</run_address>
         <size>0x7</size>
         <input_file_ref idref="fl-1e"/>
      </object_component>
      <object_component id="oc-166">
         <name>.cinit:_MCBSP</name>
         <load_address>0x84592</load_address>
         <run_address>0x84592</run_address>
         <size>0x7</size>
         <input_file_ref idref="fl-1e"/>
      </object_component>
      <object_component id="oc-13a">
         <name>.cinit:_SCI</name>
         <load_address>0x84599</load_address>
         <run_address>0x84599</run_address>
         <size>0x7</size>
         <input_file_ref idref="fl-1e"/>
      </object_component>
      <object_component id="oc-3c3">
         <name>.cinit:_uwDspSerialNumber</name>
         <load_address>0x845a0</load_address>
         <run_address>0x845a0</run_address>
         <size>0x7</size>
         <input_file_ref idref="fl-38"/>
      </object_component>
      <object_component id="oc-340">
         <name>.cinit:__lock</name>
         <load_address>0x845a7</load_address>
         <run_address>0x845a7</run_address>
         <size>0x5</size>
         <input_file_ref idref="fl-75"/>
      </object_component>
      <object_component id="oc-35d">
         <name>.cinit:__unlock</name>
         <load_address>0x845ac</load_address>
         <run_address>0x845ac</run_address>
         <size>0x5</size>
         <input_file_ref idref="fl-75"/>
      </object_component>
      <object_component id="oc-3a5">
         <name>.cinit:_sdFanPeriodSum$18</name>
         <load_address>0x845b1</load_address>
         <run_address>0x845b1</run_address>
         <size>0x5</size>
         <input_file_ref idref="fl-30"/>
      </object_component>
      <object_component id="oc-112">
         <name>.cinit</name>
         <load_address>0x845b6</load_address>
         <run_address>0x845b6</run_address>
         <size>0x4</size>
         <input_file_ref idref="fl-1c"/>
      </object_component>
      <object_component id="oc-254">
         <name>.cinit</name>
         <load_address>0x845ba</load_address>
         <run_address>0x845ba</run_address>
         <size>0x4</size>
         <input_file_ref idref="fl-3e"/>
      </object_component>
      <object_component id="oc-393">
         <name>.cinit:_suwFanFaultClrCnt$11</name>
         <load_address>0x845be</load_address>
         <run_address>0x845be</run_address>
         <size>0x4</size>
         <input_file_ref idref="fl-30"/>
      </object_component>
      <object_component id="oc-395">
         <name>.cinit:_suwFanFaultSetCnt$10</name>
         <load_address>0x845c2</load_address>
         <run_address>0x845c2</run_address>
         <size>0x4</size>
         <input_file_ref idref="fl-30"/>
      </object_component>
      <object_component id="oc-39d">
         <name>.cinit:_suwFanPeriodTemp$19</name>
         <load_address>0x845c6</load_address>
         <run_address>0x845c6</run_address>
         <size>0x4</size>
         <input_file_ref idref="fl-30"/>
      </object_component>
      <object_component id="oc-399">
         <name>.cinit:_suwFanPulseHighCnt$14</name>
         <load_address>0x845ca</load_address>
         <run_address>0x845ca</run_address>
         <size>0x4</size>
         <input_file_ref idref="fl-30"/>
      </object_component>
      <object_component id="oc-39f">
         <name>.cinit:_suwFanPulseHighFlag$16</name>
         <load_address>0x845ce</load_address>
         <run_address>0x845ce</run_address>
         <size>0x4</size>
         <input_file_ref idref="fl-30"/>
      </object_component>
      <object_component id="oc-39b">
         <name>.cinit:_suwFanPulseLowCnt$15</name>
         <load_address>0x845d2</load_address>
         <run_address>0x845d2</run_address>
         <size>0x4</size>
         <input_file_ref idref="fl-30"/>
      </object_component>
      <object_component id="oc-397">
         <name>.cinit:_suwFanPulseLowFlag$17</name>
         <load_address>0x845d6</load_address>
         <run_address>0x845d6</run_address>
         <size>0x4</size>
         <input_file_ref idref="fl-30"/>
      </object_component>
      <object_component id="oc-3a3">
         <name>.cinit:_suwFanPulseOffCnt$13</name>
         <load_address>0x845da</load_address>
         <run_address>0x845da</run_address>
         <size>0x4</size>
         <input_file_ref idref="fl-30"/>
      </object_component>
      <object_component id="oc-3a1">
         <name>.cinit:_suwFanPulseOnCnt$12</name>
         <load_address>0x845de</load_address>
         <run_address>0x845de</run_address>
         <size>0x4</size>
         <input_file_ref idref="fl-30"/>
      </object_component>
      <object_component id="oc-3bc">
         <name>.cinit:_uwPVConnectCnt$1</name>
         <load_address>0x845e2</load_address>
         <run_address>0x845e2</run_address>
         <size>0x4</size>
         <input_file_ref idref="fl-3f"/>
      </object_component>
      <object_component id="oc-3be">
         <name>.cinit:_uwPVDisConnectCnt$2</name>
         <load_address>0x845e6</load_address>
         <run_address>0x845e6</run_address>
         <size>0x4</size>
         <input_file_ref idref="fl-3f"/>
      </object_component>
      <object_component id="oc-228">
         <name>.cinit</name>
         <load_address>0x845ea</load_address>
         <run_address>0x845ea</run_address>
         <size>0x4</size>
         <input_file_ref idref="fl-38"/>
      </object_component>
      <object_component id="oc-270">
         <name>.cinit</name>
         <load_address>0x845ee</load_address>
         <run_address>0x845ee</run_address>
         <size>0x4</size>
         <input_file_ref idref="fl-42"/>
      </object_component>
      <object_component id="oc-28c">
         <name>.cinit</name>
         <load_address>0x845f2</load_address>
         <run_address>0x845f2</run_address>
         <size>0x4</size>
         <input_file_ref idref="fl-46"/>
      </object_component>
      <object_component id="oc-24d">
         <name>.cinit</name>
         <load_address>0x845f6</load_address>
         <run_address>0x845f6</run_address>
         <size>0x4</size>
         <input_file_ref idref="fl-3d"/>
      </object_component>
      <object_component id="oc-357">
         <name>.text</name>
         <load_address>0x86000</load_address>
         <run_address>0x86000</run_address>
         <size>0x15db</size>
         <input_file_ref idref="fl-3c"/>
      </object_component>
      <object_component id="oc-382">
         <name>.text</name>
         <load_address>0x875db</load_address>
         <run_address>0x875db</run_address>
         <size>0x9c2</size>
         <input_file_ref idref="fl-38"/>
      </object_component>
      <object_component id="oc-36e">
         <name>.text</name>
         <load_address>0x87f9d</load_address>
         <run_address>0x87f9d</run_address>
         <size>0x5d</size>
         <input_file_ref idref="fl-6"/>
      </object_component>
      <object_component id="oc-c2">
         <name>.text</name>
         <load_address>0x87ffa</load_address>
         <run_address>0x87ffa</run_address>
         <size>0x3</size>
         <input_file_ref idref="fl-c"/>
      </object_component>
      <object_component id="oc-321">
         <name>.text</name>
         <load_address>0x87ffd</load_address>
         <run_address>0x87ffd</run_address>
         <size>0x2</size>
         <input_file_ref idref="fl-72"/>
      </object_component>
      <object_component id="oc-323">
         <name>.text</name>
         <load_address>0x87fff</load_address>
         <run_address>0x87fff</run_address>
         <size>0x1</size>
         <input_file_ref idref="fl-73"/>
      </object_component>
      <object_component id="oc-374">
         <name>.text</name>
         <load_address>0x88000</load_address>
         <run_address>0x88000</run_address>
         <size>0xee4</size>
         <input_file_ref idref="fl-40"/>
      </object_component>
      <object_component id="oc-37a">
         <name>.text</name>
         <load_address>0x88ee4</load_address>
         <run_address>0x88ee4</run_address>
         <size>0xb4b</size>
         <input_file_ref idref="fl-35"/>
      </object_component>
      <object_component id="oc-35a">
         <name>.text</name>
         <load_address>0x89a2f</load_address>
         <run_address>0x89a2f</run_address>
         <size>0x999</size>
         <input_file_ref idref="fl-37"/>
      </object_component>
      <object_component id="oc-35b">
         <name>.text</name>
         <load_address>0x8a3c8</load_address>
         <run_address>0x8a3c8</run_address>
         <size>0x915</size>
         <input_file_ref idref="fl-10"/>
      </object_component>
      <object_component id="oc-371">
         <name>.text</name>
         <load_address>0x8acdd</load_address>
         <run_address>0x8acdd</run_address>
         <size>0x74e</size>
         <input_file_ref idref="fl-30"/>
      </object_component>
      <object_component id="oc-373">
         <name>.text</name>
         <load_address>0x8b42b</load_address>
         <run_address>0x8b42b</run_address>
         <size>0x65f</size>
         <input_file_ref idref="fl-42"/>
      </object_component>
      <object_component id="oc-37d">
         <name>.text</name>
         <load_address>0x8ba8a</load_address>
         <run_address>0x8ba8a</run_address>
         <size>0x5a0</size>
         <input_file_ref idref="fl-34"/>
      </object_component>
      <object_component id="oc-3a7">
         <name>.text</name>
         <load_address>0x8c02a</load_address>
         <run_address>0x8c02a</run_address>
         <size>0x593</size>
         <input_file_ref idref="fl-3e"/>
      </object_component>
      <object_component id="oc-c8">
         <name>.text:retain</name>
         <load_address>0x8c5bd</load_address>
         <run_address>0x8c5bd</run_address>
         <size>0x549</size>
         <input_file_ref idref="fl-d"/>
      </object_component>
      <object_component id="oc-380">
         <name>.text</name>
         <load_address>0x8cb06</load_address>
         <run_address>0x8cb06</run_address>
         <size>0x4ec</size>
         <input_file_ref idref="fl-2d"/>
      </object_component>
      <object_component id="oc-33c">
         <name>.text</name>
         <load_address>0x8cff2</load_address>
         <run_address>0x8cff2</run_address>
         <size>0x46e</size>
         <input_file_ref idref="fl-33"/>
      </object_component>
      <object_component id="oc-365">
         <name>.text</name>
         <load_address>0x8d460</load_address>
         <run_address>0x8d460</run_address>
         <size>0x44e</size>
         <input_file_ref idref="fl-13"/>
      </object_component>
      <object_component id="oc-359">
         <name>.text</name>
         <load_address>0x8d8ae</load_address>
         <run_address>0x8d8ae</run_address>
         <size>0x3ff</size>
         <input_file_ref idref="fl-39"/>
      </object_component>
      <object_component id="oc-353">
         <name>.text</name>
         <load_address>0x8dcad</load_address>
         <run_address>0x8dcad</run_address>
         <size>0x3c3</size>
         <input_file_ref idref="fl-48"/>
      </object_component>
      <object_component id="oc-37c">
         <name>.text</name>
         <load_address>0x8e070</load_address>
         <run_address>0x8e070</run_address>
         <size>0x36a</size>
         <input_file_ref idref="fl-2c"/>
      </object_component>
      <object_component id="oc-370">
         <name>.text</name>
         <load_address>0x8e3da</load_address>
         <run_address>0x8e3da</run_address>
         <size>0x326</size>
         <input_file_ref idref="fl-47"/>
      </object_component>
      <object_component id="oc-376">
         <name>.text</name>
         <load_address>0x8e700</load_address>
         <run_address>0x8e700</run_address>
         <size>0x319</size>
         <input_file_ref idref="fl-3f"/>
      </object_component>
      <object_component id="oc-362">
         <name>.text</name>
         <load_address>0x8ea19</load_address>
         <run_address>0x8ea19</run_address>
         <size>0x317</size>
         <input_file_ref idref="fl-1a"/>
      </object_component>
      <object_component id="oc-36a">
         <name>.text</name>
         <load_address>0x8ed30</load_address>
         <run_address>0x8ed30</run_address>
         <size>0x30c</size>
         <input_file_ref idref="fl-3b"/>
      </object_component>
      <object_component id="oc-37b">
         <name>.text</name>
         <load_address>0x8f03c</load_address>
         <run_address>0x8f03c</run_address>
         <size>0x24e</size>
         <input_file_ref idref="fl-2e"/>
      </object_component>
      <object_component id="oc-367">
         <name>.text</name>
         <load_address>0x8f28a</load_address>
         <run_address>0x8f28a</run_address>
         <size>0x22b</size>
         <input_file_ref idref="fl-9"/>
      </object_component>
      <object_component id="oc-37e">
         <name>.text</name>
         <load_address>0x8f4b5</load_address>
         <run_address>0x8f4b5</run_address>
         <size>0x1f7</size>
         <input_file_ref idref="fl-32"/>
      </object_component>
      <object_component id="oc-334">
         <name>.text</name>
         <load_address>0x8f6ac</load_address>
         <run_address>0x8f6ac</run_address>
         <size>0x1f4</size>
         <input_file_ref idref="fl-23"/>
      </object_component>
      <object_component id="oc-356">
         <name>.text</name>
         <load_address>0x8f8a0</load_address>
         <run_address>0x8f8a0</run_address>
         <size>0x1e6</size>
         <input_file_ref idref="fl-36"/>
      </object_component>
      <object_component id="oc-375">
         <name>.text</name>
         <load_address>0x8fa86</load_address>
         <run_address>0x8fa86</run_address>
         <size>0x1e3</size>
         <input_file_ref idref="fl-43"/>
      </object_component>
      <object_component id="oc-37f">
         <name>.text</name>
         <load_address>0x8fc69</load_address>
         <run_address>0x8fc69</run_address>
         <size>0x144</size>
         <input_file_ref idref="fl-2f"/>
      </object_component>
      <object_component id="oc-377">
         <name>.text</name>
         <load_address>0x8fdad</load_address>
         <run_address>0x8fdad</run_address>
         <size>0x136</size>
         <input_file_ref idref="fl-44"/>
      </object_component>
      <object_component id="oc-3bf">
         <name>.text</name>
         <load_address>0x8fee3</load_address>
         <run_address>0x8fee3</run_address>
         <size>0x108</size>
         <input_file_ref idref="fl-31"/>
      </object_component>
      <object_component id="oc-38d">
         <name>.text</name>
         <load_address>0x8ffeb</load_address>
         <run_address>0x8ffeb</run_address>
         <size>0x12</size>
         <input_file_ref idref="fl-2a"/>
      </object_component>
      <object_component id="oc-2e8">
         <name>.text</name>
         <load_address>0x90000</load_address>
         <run_address>0x90000</run_address>
         <size>0x107</size>
         <input_file_ref idref="fl-6d"/>
      </object_component>
      <object_component id="oc-372">
         <name>.text</name>
         <load_address>0x90107</load_address>
         <run_address>0x90107</run_address>
         <size>0xe4</size>
         <input_file_ref idref="fl-26"/>
      </object_component>
      <object_component id="oc-366">
         <name>.text</name>
         <load_address>0x901eb</load_address>
         <run_address>0x901eb</run_address>
         <size>0xdc</size>
         <input_file_ref idref="fl-f"/>
      </object_component>
      <object_component id="oc-351">
         <name>.text</name>
         <load_address>0x902c7</load_address>
         <run_address>0x902c7</run_address>
         <size>0xca</size>
         <input_file_ref idref="fl-4a"/>
      </object_component>
      <object_component id="oc-379">
         <name>.text</name>
         <load_address>0x90391</load_address>
         <run_address>0x90391</run_address>
         <size>0xc7</size>
         <input_file_ref idref="fl-41"/>
      </object_component>
      <object_component id="oc-36f">
         <name>.text</name>
         <load_address>0x90458</load_address>
         <run_address>0x90458</run_address>
         <size>0xc5</size>
         <input_file_ref idref="fl-22"/>
      </object_component>
      <object_component id="oc-36d">
         <name>.text</name>
         <load_address>0x9051d</load_address>
         <run_address>0x9051d</run_address>
         <size>0xbc</size>
         <input_file_ref idref="fl-4"/>
      </object_component>
      <object_component id="oc-358">
         <name>.text</name>
         <load_address>0x905d9</load_address>
         <run_address>0x905d9</run_address>
         <size>0xb4</size>
         <input_file_ref idref="fl-3a"/>
      </object_component>
      <object_component id="oc-38c">
         <name>.text</name>
         <load_address>0x9068d</load_address>
         <run_address>0x9068d</run_address>
         <size>0x8f</size>
         <input_file_ref idref="fl-25"/>
      </object_component>
      <object_component id="oc-2d9">
         <name>.text</name>
         <load_address>0x9071c</load_address>
         <run_address>0x9071c</run_address>
         <size>0x88</size>
         <input_file_ref idref="fl-6a"/>
      </object_component>
      <object_component id="oc-36c">
         <name>.text</name>
         <load_address>0x907a4</load_address>
         <run_address>0x907a4</run_address>
         <size>0x80</size>
         <input_file_ref idref="fl-3"/>
      </object_component>
      <object_component id="oc-350">
         <name>.text</name>
         <load_address>0x90824</load_address>
         <run_address>0x90824</run_address>
         <size>0x7a</size>
         <input_file_ref idref="fl-49"/>
      </object_component>
      <object_component id="oc-33e">
         <name>.text</name>
         <load_address>0x9089e</load_address>
         <run_address>0x9089e</run_address>
         <size>0x6b</size>
         <input_file_ref idref="fl-2"/>
      </object_component>
      <object_component id="oc-378">
         <name>.text</name>
         <load_address>0x90909</load_address>
         <run_address>0x90909</run_address>
         <size>0x67</size>
         <input_file_ref idref="fl-45"/>
      </object_component>
      <object_component id="oc-369">
         <name>.text</name>
         <load_address>0x90970</load_address>
         <run_address>0x90970</run_address>
         <size>0x5c</size>
         <input_file_ref idref="fl-b"/>
      </object_component>
      <object_component id="oc-354">
         <name>.text</name>
         <load_address>0x909cc</load_address>
         <run_address>0x909cc</run_address>
         <size>0x5b</size>
         <input_file_ref idref="fl-3d"/>
      </object_component>
      <object_component id="oc-352">
         <name>.text</name>
         <load_address>0x90a27</load_address>
         <run_address>0x90a27</run_address>
         <size>0x57</size>
         <input_file_ref idref="fl-7"/>
      </object_component>
      <object_component id="oc-85">
         <name>.text</name>
         <load_address>0x90a7e</load_address>
         <run_address>0x90a7e</run_address>
         <size>0x56</size>
         <input_file_ref idref="fl-69"/>
      </object_component>
      <object_component id="oc-355">
         <name>.text</name>
         <load_address>0x90ad4</load_address>
         <run_address>0x90ad4</run_address>
         <size>0x4e</size>
         <input_file_ref idref="fl-46"/>
      </object_component>
      <object_component id="oc-368">
         <name>.text</name>
         <load_address>0x90b22</load_address>
         <run_address>0x90b22</run_address>
         <size>0x43</size>
         <input_file_ref idref="fl-18"/>
      </object_component>
      <object_component id="oc-2f2">
         <name>.text</name>
         <load_address>0x90b65</load_address>
         <run_address>0x90b65</run_address>
         <size>0x2a</size>
         <input_file_ref idref="fl-6f"/>
      </object_component>
      <object_component id="oc-325">
         <name>.text</name>
         <load_address>0x90b8f</load_address>
         <run_address>0x90b8f</run_address>
         <size>0x29</size>
         <input_file_ref idref="fl-74"/>
      </object_component>
      <object_component id="oc-363">
         <name>.text</name>
         <load_address>0x90bb8</load_address>
         <run_address>0x90bb8</run_address>
         <size>0x28</size>
         <input_file_ref idref="fl-16"/>
      </object_component>
      <object_component id="oc-364">
         <name>.text</name>
         <load_address>0x90be0</load_address>
         <run_address>0x90be0</run_address>
         <size>0x26</size>
         <input_file_ref idref="fl-17"/>
      </object_component>
      <object_component id="oc-322">
         <name>.text</name>
         <load_address>0x90c06</load_address>
         <run_address>0x90c06</run_address>
         <size>0x24</size>
         <input_file_ref idref="fl-70"/>
      </object_component>
      <object_component id="oc-2ed">
         <name>.text</name>
         <load_address>0x90c2a</load_address>
         <run_address>0x90c2a</run_address>
         <size>0x22</size>
         <input_file_ref idref="fl-6e"/>
      </object_component>
      <object_component id="oc-2e3">
         <name>.text</name>
         <load_address>0x90c4c</load_address>
         <run_address>0x90c4c</run_address>
         <size>0x1e</size>
         <input_file_ref idref="fl-6c"/>
      </object_component>
      <object_component id="oc-33d">
         <name>.text</name>
         <load_address>0x90c6a</load_address>
         <run_address>0x90c6a</run_address>
         <size>0x1d</size>
         <input_file_ref idref="fl-71"/>
      </object_component>
      <object_component id="oc-38e">
         <name>.text</name>
         <load_address>0x90c87</load_address>
         <run_address>0x90c87</run_address>
         <size>0x18</size>
         <input_file_ref idref="fl-28"/>
      </object_component>
      <object_component id="oc-2de">
         <name>.text</name>
         <load_address>0x90c9f</load_address>
         <run_address>0x90c9f</run_address>
         <size>0x18</size>
         <input_file_ref idref="fl-6b"/>
      </object_component>
      <object_component id="oc-324">
         <name>.text</name>
         <load_address>0x90cb7</load_address>
         <run_address>0x90cb7</run_address>
         <size>0x12</size>
         <input_file_ref idref="fl-76"/>
      </object_component>
      <object_component id="oc-36b">
         <name>.text</name>
         <load_address>0x90cc9</load_address>
         <run_address>0x90cc9</run_address>
         <size>0x9</size>
         <input_file_ref idref="fl-2b"/>
      </object_component>
      <object_component id="oc-35c">
         <name>.text</name>
         <load_address>0x90cd2</load_address>
         <run_address>0x90cd2</run_address>
         <size>0x9</size>
         <input_file_ref idref="fl-75"/>
      </object_component>
      <object_component id="oc-344">
         <name>.text</name>
         <load_address>0x90cdb</load_address>
         <run_address>0x90cdb</run_address>
         <size>0x7</size>
         <input_file_ref idref="fl-77"/>
      </object_component>
      <object_component id="oc-b5">
         <name>codestart</name>
         <load_address>0x80000</load_address>
         <run_address>0x80000</run_address>
         <size>0x2</size>
         <input_file_ref idref="fl-a"/>
      </object_component>
      <object_component id="oc-89">
         <name>bootstart</name>
         <load_address>0x80002</load_address>
         <run_address>0x80002</run_address>
         <size>0x2</size>
         <input_file_ref idref="fl-2"/>
      </object_component>
      <object_component id="oc-361">
         <name>.text:__Fapi_setupFlashStateMachine</name>
         <load_address>0x80004</load_address>
         <run_address>0x13000</run_address>
         <size>0x259</size>
         <input_file_ref idref="fl-57"/>
      </object_component>
      <object_component id="oc-360">
         <name>.text:_Fapi_issueProgrammingCommand</name>
         <load_address>0x8025d</load_address>
         <run_address>0x13259</run_address>
         <size>0x19d</size>
         <input_file_ref idref="fl-58"/>
      </object_component>
      <object_component id="oc-342">
         <name>.text:_Fapi_initializeAPI</name>
         <load_address>0x803fa</load_address>
         <run_address>0x133f6</run_address>
         <size>0x34</size>
         <input_file_ref idref="fl-56"/>
      </object_component>
      <object_component id="oc-3c7">
         <name>.text:_Fapi_calculateFletcherChecksum</name>
         <load_address>0x8042e</load_address>
         <run_address>0x1342a</run_address>
         <size>0x2e</size>
         <input_file_ref idref="fl-5a"/>
      </object_component>
      <object_component id="oc-385">
         <name>.text:__Fapi_issueFsmCommand</name>
         <load_address>0x8045c</load_address>
         <run_address>0x13458</run_address>
         <size>0x2d</size>
         <input_file_ref idref="fl-57"/>
      </object_component>
      <object_component id="oc-387">
         <name>.text:__Fapi_divideUnsignedLong</name>
         <load_address>0x80489</load_address>
         <run_address>0x13485</run_address>
         <size>0x2c</size>
         <input_file_ref idref="fl-5a"/>
      </object_component>
      <object_component id="oc-343">
         <name>.text:_Fapi_setActiveFlashBank</name>
         <load_address>0x804b5</load_address>
         <run_address>0x134b1</run_address>
         <size>0x25</size>
         <input_file_ref idref="fl-57"/>
      </object_component>
      <object_component id="oc-386">
         <name>.text:__Fapi_setupSectorsForWrite</name>
         <load_address>0x804da</load_address>
         <run_address>0x134d6</run_address>
         <size>0x22</size>
         <input_file_ref idref="fl-57"/>
      </object_component>
      <object_component id="oc-35e">
         <name>.text:_Fapi_issueAsyncCommandWithAddress</name>
         <load_address>0x804fc</load_address>
         <run_address>0x134f8</run_address>
         <size>0x20</size>
         <input_file_ref idref="fl-55"/>
      </object_component>
      <object_component id="oc-389">
         <name>.text:__Fapi_scaleCycleValues</name>
         <load_address>0x8051c</load_address>
         <run_address>0x13518</run_address>
         <size>0xd</size>
         <input_file_ref idref="fl-5a"/>
      </object_component>
      <object_component id="oc-2b6">
         <name>.ebss</name>
         <load_address>0x8052a</load_address>
         <run_address>0x13526</run_address>
         <size>0xc</size>
         <input_file_ref idref="fl-56"/>
      </object_component>
      <object_component id="oc-388">
         <name>.text:__Fapi_calculateOtpChecksum</name>
         <load_address>0x80536</load_address>
         <run_address>0x13532</run_address>
         <size>0xb</size>
         <input_file_ref idref="fl-5a"/>
      </object_component>
      <object_component id="oc-35f">
         <name>.text:_Fapi_checkFsmForReady</name>
         <load_address>0x80541</load_address>
         <run_address>0x1353d</run_address>
         <size>0xa</size>
         <input_file_ref idref="fl-59"/>
      </object_component>
      <object_component id="oc-341">
         <name>codeupdateuser</name>
         <load_address>0x8054b</load_address>
         <run_address>0x13547</run_address>
         <size>0x211</size>
         <input_file_ref idref="fl-4b"/>
      </object_component>
      <object_component id="oc-328">
         <name>codeupdate</name>
         <load_address>0x81000</load_address>
         <run_address>0x81000</run_address>
         <size>0x37f</size>
         <input_file_ref idref="fl-4b"/>
      </object_component>
      <object_component id="oc-3c6">
         <name>codeupdate</name>
         <load_address>0x8137f</load_address>
         <run_address>0x8137f</run_address>
         <size>0xa8</size>
         <input_file_ref idref="fl-20"/>
      </object_component>
      <object_component id="oc-b6">
         <name>codeupdate</name>
         <load_address>0x81427</load_address>
         <run_address>0x81427</run_address>
         <size>0x2e</size>
         <input_file_ref idref="fl-a"/>
      </object_component>
      <object_component id="oc-2ac">
         <name>bootbufram</name>
         <uninitialized>true</uninitialized>
         <run_address>0x13e00</run_address>
         <size>0x1c5</size>
         <input_file_ref idref="fl-4b"/>
      </object_component>
      <object_component id="oc-87">
         <name>appstart</name>
         <load_address>0x82000</load_address>
         <run_address>0x82000</run_address>
         <size>0x2</size>
         <input_file_ref idref="fl-2"/>
      </object_component>
      <object_component id="oc-b7">
         <name>clearram</name>
         <load_address>0x82002</load_address>
         <run_address>0x82002</run_address>
         <size>0x64</size>
         <input_file_ref idref="fl-a"/>
      </object_component>
      <object_component id="oc-88">
         <name>append</name>
         <load_address>0x9fffe</load_address>
         <run_address>0x9fffe</run_address>
         <size>0x2</size>
         <input_file_ref idref="fl-2"/>
      </object_component>
      <object_component id="oc-336">
         <name>ramfuncs</name>
         <load_address>0x9b000</load_address>
         <run_address>0xb000</run_address>
         <size>0x96e</size>
         <input_file_ref idref="fl-24"/>
      </object_component>
      <object_component id="oc-33a">
         <name>ramfuncs</name>
         <load_address>0x9b96e</load_address>
         <run_address>0xb96e</run_address>
         <size>0x74a</size>
         <input_file_ref idref="fl-25"/>
      </object_component>
      <object_component id="oc-337">
         <name>ramfuncs</name>
         <load_address>0x9c0b8</load_address>
         <run_address>0xc0b8</run_address>
         <size>0x582</size>
         <input_file_ref idref="fl-28"/>
      </object_component>
      <object_component id="oc-339">
         <name>ramfuncs</name>
         <load_address>0x9c63a</load_address>
         <run_address>0xc63a</run_address>
         <size>0x4f1</size>
         <input_file_ref idref="fl-2a"/>
      </object_component>
      <object_component id="oc-1b4">
         <name>ramfuncs:retain</name>
         <load_address>0x9cb2b</load_address>
         <run_address>0xcb2b</run_address>
         <size>0x434</size>
         <input_file_ref idref="fl-27"/>
      </object_component>
      <object_component id="oc-338">
         <name>ramfuncs</name>
         <load_address>0x9cf5f</load_address>
         <run_address>0xcf5f</run_address>
         <size>0x3c8</size>
         <input_file_ref idref="fl-26"/>
      </object_component>
      <object_component id="oc-335">
         <name>ramfuncs</name>
         <load_address>0x9d327</load_address>
         <run_address>0xd327</run_address>
         <size>0x342</size>
         <input_file_ref idref="fl-29"/>
      </object_component>
      <object_component id="oc-33b">
         <name>ramfuncs</name>
         <load_address>0x9d669</load_address>
         <run_address>0xd669</run_address>
         <size>0xad</size>
         <input_file_ref idref="fl-39"/>
      </object_component>
      <object_component id="oc-ab">
         <name>ramfuncs:retain</name>
         <load_address>0x9d716</load_address>
         <run_address>0xd716</run_address>
         <size>0x4c</size>
         <input_file_ref idref="fl-8"/>
      </object_component>
      <object_component id="oc-9a">
         <name>ramfuncs</name>
         <load_address>0x9d762</load_address>
         <run_address>0xd762</run_address>
         <size>0x36</size>
         <input_file_ref idref="fl-5"/>
      </object_component>
      <object_component id="oc-38a">
         <name>ramfuncs</name>
         <load_address>0x9d798</load_address>
         <run_address>0xd798</run_address>
         <size>0x33</size>
         <input_file_ref idref="fl-1a"/>
      </object_component>
      <object_component id="oc-327">
         <name>ramfuncs</name>
         <load_address>0x9d7cb</load_address>
         <run_address>0xd7cb</run_address>
         <size>0x1c</size>
         <input_file_ref idref="fl-6"/>
      </object_component>
      <object_component id="oc-11f">
         <name>ramfuncs</name>
         <load_address>0x9d7e7</load_address>
         <run_address>0xd7e7</run_address>
         <size>0x4</size>
         <input_file_ref idref="fl-1f"/>
      </object_component>
      <object_component id="oc-2d3">
         <name>.stack</name>
         <uninitialized>true</uninitialized>
         <run_address>0x400</run_address>
         <size>0x0</size>
         <input_file_ref idref="fl-69"/>
      </object_component>
      <object_component id="oc-450">
         <name>.stack</name>
         <uninitialized>true</uninitialized>
         <run_address>0x400</run_address>
         <size>0x0</size>
      </object_component>
      <object_component id="oc-95">
         <name>.ebss</name>
         <uninitialized>true</uninitialized>
         <run_address>0xfa7e</run_address>
         <size>0x2</size>
         <input_file_ref idref="fl-4"/>
      </object_component>
      <object_component id="oc-a5">
         <name>.ebss</name>
         <uninitialized>true</uninitialized>
         <run_address>0xfa74</run_address>
         <size>0xa</size>
         <input_file_ref idref="fl-7"/>
      </object_component>
      <object_component id="oc-326">
         <name>.ebss:_OSTCBTbl</name>
         <uninitialized>true</uninitialized>
         <run_address>0x10002</run_address>
         <size>0x30</size>
         <input_file_ref idref="fl-7"/>
      </object_component>
      <object_component id="oc-bd">
         <name>.ebss</name>
         <uninitialized>true</uninitialized>
         <run_address>0x10338</run_address>
         <size>0x8</size>
         <input_file_ref idref="fl-b"/>
      </object_component>
      <object_component id="oc-10c">
         <name>.ebss</name>
         <uninitialized>true</uninitialized>
         <run_address>0x100fa</run_address>
         <size>0x6</size>
         <input_file_ref idref="fl-1b"/>
      </object_component>
      <object_component id="oc-113">
         <name>.ebss</name>
         <uninitialized>true</uninitialized>
         <run_address>0x10001</run_address>
         <size>0x1</size>
         <input_file_ref idref="fl-1c"/>
      </object_component>
      <object_component id="oc-32e">
         <name>.ebss:_I2C</name>
         <uninitialized>true</uninitialized>
         <run_address>0x1063c</run_address>
         <size>0x4</size>
         <input_file_ref idref="fl-1e"/>
      </object_component>
      <object_component id="oc-32f">
         <name>.ebss:_MCBSP</name>
         <uninitialized>true</uninitialized>
         <run_address>0x1073c</run_address>
         <size>0x4</size>
         <input_file_ref idref="fl-1e"/>
      </object_component>
      <object_component id="oc-329">
         <name>.ebss:_SCI</name>
         <uninitialized>true</uninitialized>
         <run_address>0x108bc</run_address>
         <size>0x4</size>
         <input_file_ref idref="fl-1e"/>
      </object_component>
      <object_component id="oc-331">
         <name>.ebss:_SDFM</name>
         <uninitialized>true</uninitialized>
         <run_address>0x109ba</run_address>
         <size>0x6</size>
         <input_file_ref idref="fl-1e"/>
      </object_component>
      <object_component id="oc-32d">
         <name>.ebss:_EQEP</name>
         <uninitialized>true</uninitialized>
         <run_address>0x10982</run_address>
         <size>0x8</size>
         <input_file_ref idref="fl-1e"/>
      </object_component>
      <object_component id="oc-32a">
         <name>.ebss:_SPI</name>
         <uninitialized>true</uninitialized>
         <run_address>0x1098a</run_address>
         <size>0x8</size>
         <input_file_ref idref="fl-1e"/>
      </object_component>
      <object_component id="oc-330">
         <name>.ebss:_ADC</name>
         <uninitialized>true</uninitialized>
         <run_address>0x10934</run_address>
         <size>0xa</size>
         <input_file_ref idref="fl-1e"/>
      </object_component>
      <object_component id="oc-32b">
         <name>.ebss:_ECAP</name>
         <uninitialized>true</uninitialized>
         <run_address>0x10032</run_address>
         <size>0xe</size>
         <input_file_ref idref="fl-1e"/>
      </object_component>
      <object_component id="oc-332">
         <name>.ebss:_EPWM</name>
         <uninitialized>true</uninitialized>
         <run_address>0x10566</run_address>
         <size>0x1a</size>
         <input_file_ref idref="fl-1e"/>
      </object_component>
      <object_component id="oc-32c">
         <name>.ebss:_TRIP_SEL</name>
         <uninitialized>true</uninitialized>
         <run_address>0x10548</run_address>
         <size>0x1e</size>
         <input_file_ref idref="fl-1e"/>
      </object_component>
      <object_component id="oc-196">
         <name>.ebss</name>
         <uninitialized>true</uninitialized>
         <run_address>0x109b2</run_address>
         <size>0x7</size>
         <input_file_ref idref="fl-23"/>
      </object_component>
      <object_component id="oc-346">
         <name>.ebss:_stSciTx</name>
         <uninitialized>true</uninitialized>
         <run_address>0x103e8</run_address>
         <size>0x18</size>
         <input_file_ref idref="fl-23"/>
      </object_component>
      <object_component id="oc-345">
         <name>.ebss:_stSciRx</name>
         <uninitialized>true</uninitialized>
         <run_address>0x103c8</run_address>
         <size>0x20</size>
         <input_file_ref idref="fl-23"/>
      </object_component>
      <object_component id="oc-19d">
         <name>.ebss</name>
         <uninitialized>true</uninitialized>
         <run_address>0xfa80</run_address>
         <size>0x32a</size>
         <input_file_ref idref="fl-24"/>
      </object_component>
      <object_component id="oc-1a5">
         <name>.ebss</name>
         <uninitialized>true</uninitialized>
         <run_address>0xf698</run_address>
         <size>0x28</size>
         <input_file_ref idref="fl-25"/>
      </object_component>
      <object_component id="oc-34f">
         <name>.ebss:_suwBTCurrLimitBTCurrRef$1</name>
         <uninitialized>true</uninitialized>
         <run_address>0x10a17</run_address>
         <size>0x4</size>
         <input_file_ref idref="fl-25"/>
      </object_component>
      <object_component id="oc-34e">
         <name>.ebss:_suwPowerLimitBTCurrRef$2</name>
         <uninitialized>true</uninitialized>
         <run_address>0x10a9a</run_address>
         <size>0x4</size>
         <input_file_ref idref="fl-25"/>
      </object_component>
      <object_component id="oc-34c">
         <name>.ebss:_suwAcPowerLimitCnt$3</name>
         <uninitialized>true</uninitialized>
         <run_address>0x10a13</run_address>
         <size>0x4</size>
         <input_file_ref idref="fl-25"/>
      </object_component>
      <object_component id="oc-347">
         <name>.ebss:_stBTCtrl</name>
         <uninitialized>true</uninitialized>
         <run_address>0x109aa</run_address>
         <size>0x8</size>
         <input_file_ref idref="fl-25"/>
      </object_component>
      <object_component id="oc-34b">
         <name>.ebss:_sdAcPowerSum5ms$4</name>
         <uninitialized>true</uninitialized>
         <run_address>0x10992</run_address>
         <size>0x8</size>
         <input_file_ref idref="fl-25"/>
      </object_component>
      <object_component id="oc-348">
         <name>.ebss:_stBusVoltSoftStartCtrl</name>
         <uninitialized>true</uninitialized>
         <run_address>0x10400</run_address>
         <size>0x88</size>
         <input_file_ref idref="fl-25"/>
      </object_component>
      <object_component id="oc-349">
         <name>.ebss:_stPVVoltCtrl</name>
         <uninitialized>true</uninitialized>
         <run_address>0x104c0</run_address>
         <size>0x88</size>
         <input_file_ref idref="fl-25"/>
      </object_component>
      <object_component id="oc-34d">
         <name>.ebss:_stBTCurrCtrl</name>
         <uninitialized>true</uninitialized>
         <run_address>0x10340</run_address>
         <size>0x88</size>
         <input_file_ref idref="fl-25"/>
      </object_component>
      <object_component id="oc-1ac">
         <name>.ebss</name>
         <uninitialized>true</uninitialized>
         <run_address>0xf6c0</run_address>
         <size>0x394</size>
         <input_file_ref idref="fl-26"/>
      </object_component>
      <object_component id="oc-1b3">
         <name>.ebss</name>
         <uninitialized>true</uninitialized>
         <run_address>0x1083e</run_address>
         <size>0x2</size>
         <input_file_ref idref="fl-27"/>
      </object_component>
      <object_component id="oc-1bb">
         <name>.ebss</name>
         <uninitialized>true</uninitialized>
         <run_address>0x10580</run_address>
         <size>0x88</size>
         <input_file_ref idref="fl-28"/>
      </object_component>
      <object_component id="oc-1c2">
         <name>.ebss</name>
         <uninitialized>true</uninitialized>
         <run_address>0x10608</run_address>
         <size>0x1a</size>
         <input_file_ref idref="fl-29"/>
      </object_component>
      <object_component id="oc-1c9">
         <name>.ebss</name>
         <uninitialized>true</uninitialized>
         <run_address>0x10309</run_address>
         <size>0x2f</size>
         <input_file_ref idref="fl-2a"/>
      </object_component>
      <object_component id="oc-1d5">
         <name>.ebss</name>
         <uninitialized>true</uninitialized>
         <run_address>0x106c0</run_address>
         <size>0x7c</size>
         <input_file_ref idref="fl-2c"/>
      </object_component>
      <object_component id="oc-1dc">
         <name>.ebss</name>
         <uninitialized>true</uninitialized>
         <run_address>0x10b40</run_address>
         <size>0x40</size>
         <input_file_ref idref="fl-2d"/>
      </object_component>
      <object_component id="oc-1e3">
         <name>.ebss</name>
         <uninitialized>true</uninitialized>
         <run_address>0x10622</run_address>
         <size>0x1a</size>
         <input_file_ref idref="fl-2e"/>
      </object_component>
      <object_component id="oc-1ea">
         <name>.ebss</name>
         <uninitialized>true</uninitialized>
         <run_address>0xfdaa</run_address>
         <size>0x14</size>
         <input_file_ref idref="fl-2f"/>
      </object_component>
      <object_component id="oc-1f1">
         <name>.ebss</name>
         <uninitialized>true</uninitialized>
         <run_address>0x10910</run_address>
         <size>0x12</size>
         <input_file_ref idref="fl-30"/>
      </object_component>
      <object_component id="oc-394">
         <name>.ebss:_suwFanFaultSetCnt$10</name>
         <uninitialized>true</uninitialized>
         <run_address>0x10a2f</run_address>
         <size>0x4</size>
         <input_file_ref idref="fl-30"/>
      </object_component>
      <object_component id="oc-392">
         <name>.ebss:_suwFanFaultClrCnt$11</name>
         <uninitialized>true</uninitialized>
         <run_address>0x10a2b</run_address>
         <size>0x4</size>
         <input_file_ref idref="fl-30"/>
      </object_component>
      <object_component id="oc-3a0">
         <name>.ebss:_suwFanPulseOnCnt$12</name>
         <uninitialized>true</uninitialized>
         <run_address>0x10a8e</run_address>
         <size>0x4</size>
         <input_file_ref idref="fl-30"/>
      </object_component>
      <object_component id="oc-3a2">
         <name>.ebss:_suwFanPulseOffCnt$13</name>
         <uninitialized>true</uninitialized>
         <run_address>0x10a8a</run_address>
         <size>0x4</size>
         <input_file_ref idref="fl-30"/>
      </object_component>
      <object_component id="oc-398">
         <name>.ebss:_suwFanPulseHighCnt$14</name>
         <uninitialized>true</uninitialized>
         <run_address>0x10a37</run_address>
         <size>0x4</size>
         <input_file_ref idref="fl-30"/>
      </object_component>
      <object_component id="oc-39a">
         <name>.ebss:_suwFanPulseLowCnt$15</name>
         <uninitialized>true</uninitialized>
         <run_address>0x10a82</run_address>
         <size>0x4</size>
         <input_file_ref idref="fl-30"/>
      </object_component>
      <object_component id="oc-39e">
         <name>.ebss:_suwFanPulseHighFlag$16</name>
         <uninitialized>true</uninitialized>
         <run_address>0x10a3b</run_address>
         <size>0x4</size>
         <input_file_ref idref="fl-30"/>
      </object_component>
      <object_component id="oc-396">
         <name>.ebss:_suwFanPulseLowFlag$17</name>
         <uninitialized>true</uninitialized>
         <run_address>0x10a86</run_address>
         <size>0x4</size>
         <input_file_ref idref="fl-30"/>
      </object_component>
      <object_component id="oc-39c">
         <name>.ebss:_suwFanPeriodTemp$19</name>
         <uninitialized>true</uninitialized>
         <run_address>0x10a33</run_address>
         <size>0x4</size>
         <input_file_ref idref="fl-30"/>
      </object_component>
      <object_component id="oc-3a4">
         <name>.ebss:_sdFanPeriodSum$18</name>
         <uninitialized>true</uninitialized>
         <run_address>0x1099a</run_address>
         <size>0x8</size>
         <input_file_ref idref="fl-30"/>
      </object_component>
      <object_component id="oc-1f8">
         <name>.ebss</name>
         <uninitialized>true</uninitialized>
         <run_address>0x108a2</run_address>
         <size>0x1a</size>
         <input_file_ref idref="fl-31"/>
      </object_component>
      <object_component id="oc-1ff">
         <name>.ebss</name>
         <uninitialized>true</uninitialized>
         <run_address>0x101b0</run_address>
         <size>0x10</size>
         <input_file_ref idref="fl-32"/>
      </object_component>
      <object_component id="oc-206">
         <name>.ebss</name>
         <uninitialized>true</uninitialized>
         <run_address>0x10840</run_address>
         <size>0x62</size>
         <input_file_ref idref="fl-33"/>
      </object_component>
      <object_component id="oc-20d">
         <name>.ebss</name>
         <uninitialized>true</uninitialized>
[...]
      <symbol id="sm-156c">
         <name>_BusVoltSampleCheck</name>
         <value>0x8fbab</value>
         <object_component_ref idref="oc-375"/>
      </symbol>
      <symbol id="sm-156e">
         <name>_BTCurrSampleCheck</name>
         <value>0x8fbf7</value>
         <object_component_ref idref="oc-375"/>
      </symbol>
      <symbol id="sm-1570">
         <name>_PVPanelReserveCheck</name>
         <value>0x8fac5</value>
         <object_component_ref idref="oc-375"/>
      </symbol>
      <symbol id="sm-159b">
         <name>_PVISOCheck</name>
         <value>0x8fdad</value>
         <object_component_ref idref="oc-377"/>
      </symbol>
      <symbol id="sm-15b7">
         <name>_InverterNPECheck</name>
         <value>0x9096f</value>
         <object_component_ref idref="oc-378"/>
      </symbol>
      <symbol id="sm-15b9">
         <name>_InverterSPDCheck</name>
         <value>0x90909</value>
         <object_component_ref idref="oc-378"/>
      </symbol>
      <symbol id="sm-15d0">
         <name>_PVInputTask</name>
         <value>0x90adb</value>
         <object_component_ref idref="oc-355"/>
      </symbol>
      <symbol id="sm-15d2">
         <name>_PVInputTaskParaInit</name>
         <value>0x90ad4</value>
         <object_component_ref idref="oc-355"/>
      </symbol>
      <symbol id="sm-1612">
         <name>_SingleRelayCheck</name>
         <value>0x8e3da</value>
         <object_component_ref idref="oc-370"/>
      </symbol>
      <symbol id="sm-1614">
         <name>_DoubleRelayCheck</name>
         <value>0x8e51d</value>
         <object_component_ref idref="oc-370"/>
      </symbol>
      <symbol id="sm-167a">
         <name>_event</name>
         <value>0x10489</value>
         <object_component_ref idref="oc-29b"/>
      </symbol>
      <symbol id="sm-167b">
         <name>_eInverterStatus</name>
         <value>0x10488</value>
         <object_component_ref idref="oc-29b"/>
      </symbol>
      <symbol id="sm-167c">
         <name>_StatusTaskInit</name>
         <value>0x8dcad</value>
         <object_component_ref idref="oc-353"/>
      </symbol>
      <symbol id="sm-167e">
         <name>_stWaitStatus</name>
         <value>0x10498</value>
         <object_component_ref idref="oc-29b"/>
      </symbol>
      <symbol id="sm-167f">
         <name>_StatusTask</name>
         <value>0x8dcc8</value>
         <object_component_ref idref="oc-353"/>
      </symbol>
      <symbol id="sm-168c">
         <name>_DspBoardInit</name>
         <value>0x90824</value>
         <object_component_ref idref="oc-350"/>
      </symbol>
      <symbol id="sm-169b">
         <name>_stMachineCfg</name>
         <value>0x107c2</value>
         <object_component_ref idref="oc-2a6"/>
      </symbol>
      <symbol id="sm-169c">
         <name>_stSysCfg</name>
         <value>0x10800</value>
         <object_component_ref idref="oc-2a6"/>
      </symbol>
      <symbol id="sm-169d">
         <name>_VariableInit</name>
         <value>0x90363</value>
         <object_component_ref idref="oc-351"/>
      </symbol>
      <symbol id="sm-169f">
         <name>_stSysFaultReg</name>
         <value>0x107d8</value>
         <object_component_ref idref="oc-2a6"/>
      </symbol>
      <symbol id="sm-16a0">
         <name>_SysParaInit</name>
         <value>0x902c7</value>
         <object_component_ref idref="oc-351"/>
      </symbol>
      <symbol id="sm-16a2">
         <name>_unSysFlag</name>
         <value>0x107c0</value>
         <object_component_ref idref="oc-2a6"/>
      </symbol>
      <symbol id="sm-1724">
         <name>_uwDspSciRxBuf</name>
         <value>0x13ec0</value>
         <object_component_ref idref="oc-2ac"/>
      </symbol>
      <symbol id="sm-1725">
         <name>_BootLoader</name>
         <value>0x81000</value>
         <object_component_ref idref="oc-328"/>
      </symbol>
      <symbol id="sm-1727">
         <name>_uwDspSciTxBuf</name>
         <value>0x13e00</value>
         <object_component_ref idref="oc-2ac"/>
      </symbol>
      <symbol id="sm-1728">
         <name>_uwDspFlashBuf</name>
         <value>0x13e40</value>
         <object_component_ref idref="oc-2ac"/>
      </symbol>
      <symbol id="sm-1735">
         <name>_Fapi_issueAsyncCommandWithAddress</name>
         <value>0x134f8</value>
         <object_component_ref idref="oc-35e"/>
      </symbol>
      <symbol id="sm-1742">
         <name>_Fapi_initializeAPI</name>
         <value>0x133f6</value>
         <object_component_ref idref="oc-342"/>
      </symbol>
      <symbol id="sm-1743">
         <name>_Fapi_GlobalInit</name>
         <value>0x13526</value>
         <object_component_ref idref="oc-2b6"/>
      </symbol>
      <symbol id="sm-1763">
         <name>__Fapi_issueFsmCommand</name>
         <value>0x13458</value>
         <object_component_ref idref="oc-385"/>
      </symbol>
      <symbol id="sm-1764">
         <name>_Fapi_setActiveFlashBank</name>
         <value>0x134b1</value>
         <object_component_ref idref="oc-343"/>
      </symbol>
      <symbol id="sm-1765">
         <name>__Fapi_setupSectorsForWrite</name>
         <value>0x134d6</value>
         <object_component_ref idref="oc-386"/>
      </symbol>
      <symbol id="sm-178b">
         <name>_Fapi_issueProgrammingCommand</name>
         <value>0x13259</value>
         <object_component_ref idref="oc-360"/>
      </symbol>
      <symbol id="sm-1798">
         <name>_Fapi_checkFsmForReady</name>
         <value>0x1353d</value>
         <object_component_ref idref="oc-35f"/>
      </symbol>
      <symbol id="sm-17af">
         <name>_Fapi_calculateFletcherChecksum</name>
         <value>0x1342a</value>
         <object_component_ref idref="oc-3c7"/>
      </symbol>
      <symbol id="sm-17b0">
         <name>__Fapi_calculateOtpChecksum</name>
         <value>0x13532</value>
         <object_component_ref idref="oc-388"/>
      </symbol>
      <symbol id="sm-17b1">
         <name>__Fapi_divideUnsignedLong</name>
         <value>0x13485</value>
         <object_component_ref idref="oc-387"/>
      </symbol>
      <symbol id="sm-17b2">
         <name>__Fapi_scaleCycleValues</name>
         <value>0x13518</value>
         <object_component_ref idref="oc-389"/>
      </symbol>
      <symbol id="sm-17bb">
         <name>__IQ24cos</name>
         <value>0x9fb81</value>
         <object_component_ref idref="oc-2ca"/>
      </symbol>
      <symbol id="sm-17c4">
         <name>__IQ24sin</name>
         <value>0x9fb50</value>
         <object_component_ref idref="oc-2ce"/>
      </symbol>
      <symbol id="sm-17c8">
         <name>_IQ4mpyRndSatTable</name>
         <value>0x9fb20</value>
         <object_component_ref idref="oc-2d2"/>
      </symbol>
      <symbol id="sm-17c9">
         <name>_IQ5mpyRndSatTable</name>
         <value>0x9fb14</value>
         <object_component_ref idref="oc-2d2"/>
      </symbol>
      <symbol id="sm-17ca">
         <name>_IQatan2Table</name>
         <value>0x9f862</value>
         <object_component_ref idref="oc-2d2"/>
      </symbol>
      <symbol id="sm-17cb">
         <name>_IQisqrtTableEnd</name>
         <value>0x9f824</value>
         <object_component_ref idref="oc-2d2"/>
      </symbol>
      <symbol id="sm-17cc">
         <name>_IQ8mpyRndSatTable</name>
         <value>0x9faf0</value>
         <object_component_ref idref="oc-2d2"/>
      </symbol>
      <symbol id="sm-17cd">
         <name>_IQ9mpyRndSatTable</name>
         <value>0x9fae4</value>
         <object_component_ref idref="oc-2d2"/>
      </symbol>
      <symbol id="sm-17ce">
         <name>_IQsqrtTable</name>
         <value>0x9f722</value>
         <object_component_ref idref="oc-2d2"/>
      </symbol>
      <symbol id="sm-17cf">
         <name>_IQcosTableEnd</name>
         <value>0x9f502</value>
         <object_component_ref idref="oc-2d2"/>
      </symbol>
      <symbol id="sm-17d0">
         <name>_IQatan2HalfPITable</name>
         <value>0x9f824</value>
         <object_component_ref idref="oc-2d2"/>
      </symbol>
      <symbol id="sm-17d1">
         <name>_IQisqrtTable</name>
         <value>0x9f722</value>
         <object_component_ref idref="oc-2d2"/>
      </symbol>
      <symbol id="sm-17d2">
         <name>_IQsqrtRoundSatTable</name>
         <value>0x9f712</value>
         <object_component_ref idref="oc-2d2"/>
      </symbol>
      <symbol id="sm-17d3">
         <name>_IQsqrtTableEnd</name>
         <value>0x9f824</value>
         <object_component_ref idref="oc-2d2"/>
      </symbol>
      <symbol id="sm-17d4">
         <name>_IQ30mpyRndSatTable</name>
         <value>0x9f9e8</value>
         <object_component_ref idref="oc-2d2"/>
      </symbol>
      <symbol id="sm-17d5">
         <name>_IQ17mpyRndSatTable</name>
         <value>0x9fa84</value>
         <object_component_ref idref="oc-2d2"/>
      </symbol>
      <symbol id="sm-17d6">
         <name>_IQ16mpyRndSatTable</name>
         <value>0x9fa90</value>
         <object_component_ref idref="oc-2d2"/>
      </symbol>
      <symbol id="sm-17d7">
         <name>_IQ15mpyRndSatTable</name>
         <value>0x9fa9c</value>
         <object_component_ref idref="oc-2d2"/>
      </symbol>
      <symbol id="sm-17d8">
         <name>_IQ14mpyRndSatTable</name>
         <value>0x9faa8</value>
         <object_component_ref idref="oc-2d2"/>
      </symbol>
      <symbol id="sm-17d9">
         <name>_IQ13mpyRndSatTable</name>
         <value>0x9fab4</value>
         <object_component_ref idref="oc-2d2"/>
      </symbol>
      <symbol id="sm-17da">
         <name>_IQmpyRndSatTable</name>
         <value>0x9f9e8</value>
         <object_component_ref idref="oc-2d2"/>
      </symbol>
      <symbol id="sm-17db">
         <name>_IQ12mpyRndSatTable</name>
         <value>0x9fac0</value>
         <object_component_ref idref="oc-2d2"/>
      </symbol>
      <symbol id="sm-17dc">
         <name>_IQdivRoundSatTable</name>
         <value>0x9f502</value>
         <object_component_ref idref="oc-2d2"/>
      </symbol>
      <symbol id="sm-17dd">
         <name>_IQisqrtRoundSatTable</name>
         <value>0x9f712</value>
         <object_component_ref idref="oc-2d2"/>
      </symbol>
      <symbol id="sm-17de">
         <name>_IQ11mpyRndSatTable</name>
         <value>0x9facc</value>
         <object_component_ref idref="oc-2d2"/>
      </symbol>
      <symbol id="sm-17df">
         <name>_IQcosTable</name>
         <value>0x9f100</value>
         <object_component_ref idref="oc-2d2"/>
      </symbol>
      <symbol id="sm-17e0">
         <name>_IQ10mpyRndSatTable</name>
         <value>0x9fad8</value>
         <object_component_ref idref="oc-2d2"/>
      </symbol>
      <symbol id="sm-17e1">
         <name>_IQmpyRndSatTableEnd</name>
         <value>0x9fb50</value>
         <object_component_ref idref="oc-2d2"/>
      </symbol>
      <symbol id="sm-17e2">
         <name>_IQ19mpyRndSatTable</name>
         <value>0x9fa6c</value>
         <object_component_ref idref="oc-2d2"/>
      </symbol>
      <symbol id="sm-17e3">
         <name>_IQ27mpyRndSatTable</name>
         <value>0x9fa0c</value>
         <object_component_ref idref="oc-2d2"/>
      </symbol>
      <symbol id="sm-17e4">
         <name>_IQ18mpyRndSatTable</name>
         <value>0x9fa78</value>
         <object_component_ref idref="oc-2d2"/>
      </symbol>
      <symbol id="sm-17e5">
         <name>_IQ26mpyRndSatTable</name>
         <value>0x9fa18</value>
         <object_component_ref idref="oc-2d2"/>
      </symbol>
      <symbol id="sm-17e6">
         <name>_IQ25mpyRndSatTable</name>
         <value>0x9fa24</value>
         <object_component_ref idref="oc-2d2"/>
      </symbol>
      <symbol id="sm-17e7">
         <name>_IQsinTable</name>
         <value>0x9f000</value>
         <object_component_ref idref="oc-2d2"/>
      </symbol>
      <symbol id="sm-17e8">
         <name>_IQ24mpyRndSatTable</name>
         <value>0x9fa30</value>
         <object_component_ref idref="oc-2d2"/>
      </symbol>
      <symbol id="sm-17e9">
         <name>_IQdivTableEnd</name>
         <value>0x9f712</value>
         <object_component_ref idref="oc-2d2"/>
      </symbol>
      <symbol id="sm-17ea">
         <name>_IQ23mpyRndSatTable</name>
         <value>0x9fa3c</value>
         <object_component_ref idref="oc-2d2"/>
      </symbol>
      <symbol id="sm-17eb">
         <name>_IQ22mpyRndSatTable</name>
         <value>0x9fa48</value>
         <object_component_ref idref="oc-2d2"/>
      </symbol>
      <symbol id="sm-17ec">
         <name>_IQ21mpyRndSatTable</name>
         <value>0x9fa54</value>
         <object_component_ref idref="oc-2d2"/>
      </symbol>
      <symbol id="sm-17ed">
         <name>_IQ20mpyRndSatTable</name>
         <value>0x9fa60</value>
         <object_component_ref idref="oc-2d2"/>
      </symbol>
      <symbol id="sm-17ee">
         <name>_IQsinTableEnd</name>
         <value>0x9f400</value>
         <object_component_ref idref="oc-2d2"/>
      </symbol>
      <symbol id="sm-17ef">
         <name>_IQdivTable</name>
         <value>0x9f510</value>
         <object_component_ref idref="oc-2d2"/>
      </symbol>
      <symbol id="sm-17f0">
         <name>_IQ2mpyRndSatTable</name>
         <value>0x9fb38</value>
         <object_component_ref idref="oc-2d2"/>
      </symbol>
      <symbol id="sm-17f1">
         <name>_IQ3mpyRndSatTable</name>
         <value>0x9fb2c</value>
         <object_component_ref idref="oc-2d2"/>
      </symbol>
      <symbol id="sm-17f2">
         <name>_IQ1mpyRndSatTable</name>
         <value>0x9fb44</value>
         <object_component_ref idref="oc-2d2"/>
      </symbol>
      <symbol id="sm-17f3">
         <name>_IQ29mpyRndSatTable</name>
         <value>0x9f9f4</value>
         <object_component_ref idref="oc-2d2"/>
      </symbol>
      <symbol id="sm-17f4">
         <name>_IQ6mpyRndSatTable</name>
         <value>0x9fb08</value>
         <object_component_ref idref="oc-2d2"/>
      </symbol>
      <symbol id="sm-17f5">
         <name>_IQatan2TableEnd</name>
         <value>0x9f9e8</value>
         <object_component_ref idref="oc-2d2"/>
      </symbol>
      <symbol id="sm-17f6">
         <name>_IQ28mpyRndSatTable</name>
         <value>0x9fa00</value>
         <object_component_ref idref="oc-2d2"/>
      </symbol>
      <symbol id="sm-17f7">
         <name>_IQ7mpyRndSatTable</name>
         <value>0x9fafc</value>
         <object_component_ref idref="oc-2d2"/>
      </symbol>
      <symbol id="sm-1812">
         <name>_c_int00</name>
         <value>0x90a7e</value>
         <object_component_ref idref="oc-85"/>
      </symbol>
      <symbol id="sm-1813">
         <name>__stack</name>
         <value>0x400</value>
         <object_component_ref idref="oc-2d3"/>
      </symbol>
      <symbol id="sm-1824">
         <name>FS$$DIV</name>
         <value>0x9071c</value>
         <object_component_ref idref="oc-2d9"/>
      </symbol>
      <symbol id="sm-1830">
         <name>LL$$AND</name>
         <value>0x90c9f</value>
         <object_component_ref idref="oc-2de"/>
      </symbol>
      <symbol id="sm-1831">
         <name>LL$$OR</name>
         <value>0x90ca7</value>
         <object_component_ref idref="oc-2de"/>
      </symbol>
      <symbol id="sm-1832">
         <name>LL$$XOR</name>
         <value>0x90caf</value>
         <object_component_ref idref="oc-2de"/>
      </symbol>
      <symbol id="sm-1840">
         <name>ULL$$CMP</name>
         <value>0x90c5e</value>
         <object_component_ref idref="oc-2e3"/>
      </symbol>
      <symbol id="sm-1841">
         <name>LL$$CMP</name>
         <value>0x90c4c</value>
         <object_component_ref idref="oc-2e3"/>
      </symbol>
      <symbol id="sm-186d">
         <name>ULL$$MOD</name>
         <value>0x900a5</value>
         <object_component_ref idref="oc-2e8"/>
      </symbol>
      <symbol id="sm-186e">
         <name>ULL$$DIV</name>
         <value>0x90076</value>
         <object_component_ref idref="oc-2e8"/>
      </symbol>
      <symbol id="sm-186f">
         <name>LL$$MOD</name>
         <value>0x9003c</value>
         <object_component_ref idref="oc-2e8"/>
      </symbol>
      <symbol id="sm-1870">
         <name>LL$$DIV</name>
         <value>0x90000</value>
         <object_component_ref idref="oc-2e8"/>
      </symbol>
      <symbol id="sm-187e">
         <name>I$$MOD</name>
         <value>0x90c3b</value>
         <object_component_ref idref="oc-2ed"/>
      </symbol>
      <symbol id="sm-187f">
         <name>I$$DIV</name>
         <value>0x90c2a</value>
         <object_component_ref idref="oc-2ed"/>
      </symbol>
      <symbol id="sm-188b">
         <name>UL$$MOD</name>
         <value>0x90b89</value>
         <object_component_ref idref="oc-2f2"/>
      </symbol>
      <symbol id="sm-188c">
         <name>L$$MOD</name>
         <value>0x90b74</value>
         <object_component_ref idref="oc-2f2"/>
      </symbol>
      <symbol id="sm-188d">
         <name>L$$DIV</name>
         <value>0x90b65</value>
         <object_component_ref idref="oc-2f2"/>
      </symbol>
      <symbol id="sm-188e">
         <name>UL$$DIV</name>
         <value>0x90b82</value>
         <object_component_ref idref="oc-2f2"/>
      </symbol>
      <symbol id="sm-189d">
         <name>_copy_in</name>
         <value>0x90c06</value>
         <object_component_ref idref="oc-322"/>
      </symbol>
      <symbol id="sm-18af">
         <name>_memcpy</name>
         <value>0x90c6a</value>
         <object_component_ref idref="oc-33d"/>
      </symbol>
      <symbol id="sm-18bc">
         <name>__system_pre_init</name>
         <value>0x87ffd</value>
         <object_component_ref idref="oc-321"/>
      </symbol>
      <symbol id="sm-18ca">
         <name>__system_post_cinit</name>
         <value>0x87fff</value>
         <object_component_ref idref="oc-323"/>
      </symbol>
      <symbol id="sm-18df">
         <name>C$$EXIT</name>
         <value>0x90b8f</value>
         <object_component_ref idref="oc-325"/>
      </symbol>
      <symbol id="sm-18e0">
         <name>_exit</name>
         <value>0x90b91</value>
         <object_component_ref idref="oc-325"/>
      </symbol>
      <symbol id="sm-18e2">
         <name>___TI_cleanup_ptr</name>
         <value>0x10a04</value>
         <object_component_ref idref="oc-30d"/>
      </symbol>
      <symbol id="sm-18e3">
         <name>___TI_enable_exit_profile_output</name>
         <value>0x10a02</value>
         <object_component_ref idref="oc-30d"/>
      </symbol>
      <symbol id="sm-18e4">
         <name>_abort</name>
         <value>0x90b8f</value>
         <object_component_ref idref="oc-325"/>
      </symbol>
      <symbol id="sm-18e6">
         <name>___TI_dtors_ptr</name>
         <value>0x10a06</value>
         <object_component_ref idref="oc-30d"/>
      </symbol>
      <symbol id="sm-18fa">
         <name>__unlock</name>
         <value>0x106be</value>
         <object_component_ref idref="oc-384"/>
      </symbol>
      <symbol id="sm-18fb">
         <name>__lock</name>
         <value>0xfdbe</value>
         <object_component_ref idref="oc-33f"/>
      </symbol>
      <symbol id="sm-18fc">
         <name>__register_lock</name>
         <value>0x90cd6</value>
         <object_component_ref idref="oc-35c"/>
      </symbol>
      <symbol id="sm-18fe">
         <name>__nop</name>
         <value>0x90cda</value>
         <object_component_ref idref="oc-35c"/>
      </symbol>
      <symbol id="sm-1900">
         <name>__register_unlock</name>
         <value>0x90cd2</value>
         <object_component_ref idref="oc-35c"/>
      </symbol>
      <symbol id="sm-1910">
         <name>__args_main</name>
         <value>0x90cb7</value>
         <object_component_ref idref="oc-324"/>
      </symbol>
      <symbol id="sm-191f">
         <name>_memset</name>
         <value>0x90cdb</value>
         <object_component_ref idref="oc-344"/>
      </symbol>
   </symbol_table>
   <title>Link successful</title>
</link_info>
