<?xml version="1.0" encoding="ISO-8859-1" ?>
<link_info>
   <banner>TMS320C2000 Linker PC v18.12.2.LTS</banner>
   <copyright>Copyright (c) 1996-2018 Texas Instruments Incorporated</copyright>
   <link_time>0x614fceef</link_time>
   <link_errors>0x0</link_errors>
   <output_file>E:/XG70K/SourceCode/XG25-70K/OUTPUT/XG25-70K.out</output_file>
   <entry_point>
      <name>_c_int00</name>
      <address>0x8f382</address>
   </entry_point>
   <input_file_list>
      <input_file id="fl-2">
         <path>.\</path>
         <kind>object</kind>
         <file>main.obj</file>
         <name>main.obj</name>
      </input_file>
      <input_file id="fl-3">
         <path>.\0_uCos\src\</path>
         <kind>object</kind>
         <file>OS_CORE.obj</file>
         <name>OS_CORE.obj</name>
      </input_file>
      <input_file id="fl-4">
         <path>.\0_uCos\src\</path>
         <kind>object</kind>
         <file>OS_CPU.obj</file>
         <name>OS_CPU.obj</name>
      </input_file>
      <input_file id="fl-5">
         <path>.\0_uCos\src\</path>
         <kind>object</kind>
         <file>OS_CPU_A.obj</file>
         <name>OS_CPU_A.obj</name>
      </input_file>
      <input_file id="fl-6">
         <path>.\0_uCos\src\</path>
         <kind>object</kind>
         <file>OS_EVENT.obj</file>
         <name>OS_EVENT.obj</name>
      </input_file>
      <input_file id="fl-7">
         <path>.\0_uCos\src\</path>
         <kind>object</kind>
         <file>OS_SHELL.obj</file>
         <name>OS_SHELL.obj</name>
      </input_file>
      <input_file id="fl-8">
         <path>.\0_uCos\src\</path>
         <kind>object</kind>
         <file>OS_TIMER.obj</file>
         <name>OS_TIMER.obj</name>
      </input_file>
      <input_file id="fl-9">
         <path>.\1_Library\F28075\F2807x_common\source\</path>
         <kind>object</kind>
         <file>F2807x_Adc.obj</file>
         <name>F2807x_Adc.obj</name>
      </input_file>
      <input_file id="fl-a">
         <path>.\1_Library\F28075\F2807x_common\source\</path>
         <kind>object</kind>
         <file>F2807x_CodeStartBranch.obj</file>
         <name>F2807x_CodeStartBranch.obj</name>
      </input_file>
      <input_file id="fl-b">
         <path>.\1_Library\F28075\F2807x_common\source\</path>
         <kind>object</kind>
         <file>F2807x_CpuTimers.obj</file>
         <name>F2807x_CpuTimers.obj</name>
      </input_file>
      <input_file id="fl-c">
         <path>.\1_Library\F28075\F2807x_common\source\</path>
         <kind>object</kind>
         <file>F2807x_DBGIER.obj</file>
         <name>F2807x_DBGIER.obj</name>
      </input_file>
      <input_file id="fl-d">
         <path>.\1_Library\F28075\F2807x_common\source\</path>
         <kind>object</kind>
         <file>F2807x_DefaultISR.obj</file>
         <name>F2807x_DefaultISR.obj</name>
      </input_file>
      <input_file id="fl-e">
         <path>.\1_Library\F28075\F2807x_common\source\</path>
         <kind>object</kind>
         <file>F2807x_Dma.obj</file>
         <name>F2807x_Dma.obj</name>
      </input_file>
      <input_file id="fl-f">
         <path>.\1_Library\F28075\F2807x_common\source\</path>
         <kind>object</kind>
         <file>F2807x_ECap.obj</file>
         <name>F2807x_ECap.obj</name>
      </input_file>
      <input_file id="fl-10">
         <path>.\1_Library\F28075\F2807x_common\source\</path>
         <kind>object</kind>
         <file>F2807x_EPwm.obj</file>
         <name>F2807x_EPwm.obj</name>
      </input_file>
      <input_file id="fl-11">
         <path>.\1_Library\F28075\F2807x_common\source\</path>
         <kind>object</kind>
         <file>F2807x_EQep.obj</file>
         <name>F2807x_EQep.obj</name>
      </input_file>
      <input_file id="fl-12">
         <path>.\1_Library\F28075\F2807x_common\source\</path>
         <kind>object</kind>
         <file>F2807x_Emif.obj</file>
         <name>F2807x_Emif.obj</name>
      </input_file>
      <input_file id="fl-13">
         <path>.\1_Library\F28075\F2807x_common\source\</path>
         <kind>object</kind>
         <file>F2807x_Gpio.obj</file>
         <name>F2807x_Gpio.obj</name>
      </input_file>
      <input_file id="fl-14">
         <path>.\1_Library\F28075\F2807x_common\source\</path>
         <kind>object</kind>
         <file>F2807x_I2C.obj</file>
         <name>F2807x_I2C.obj</name>
      </input_file>
      <input_file id="fl-15">
         <path>.\1_Library\F28075\F2807x_common\source\</path>
         <kind>object</kind>
         <file>F2807x_Mcbsp.obj</file>
         <name>F2807x_Mcbsp.obj</name>
      </input_file>
      <input_file id="fl-16">
         <path>.\1_Library\F28075\F2807x_common\source\</path>
         <kind>object</kind>
         <file>F2807x_PieCtrl.obj</file>
         <name>F2807x_PieCtrl.obj</name>
      </input_file>
      <input_file id="fl-17">
         <path>.\1_Library\F28075\F2807x_common\source\</path>
         <kind>object</kind>
         <file>F2807x_PieVect.obj</file>
         <name>F2807x_PieVect.obj</name>
      </input_file>
      <input_file id="fl-18">
         <path>.\1_Library\F28075\F2807x_common\source\</path>
         <kind>object</kind>
         <file>F2807x_Sci.obj</file>
         <name>F2807x_Sci.obj</name>
      </input_file>
      <input_file id="fl-19">
         <path>.\1_Library\F28075\F2807x_common\source\</path>
         <kind>object</kind>
         <file>F2807x_Spi.obj</file>
         <name>F2807x_Spi.obj</name>
      </input_file>
      <input_file id="fl-1a">
         <path>.\1_Library\F28075\F2807x_common\source\</path>
         <kind>object</kind>
         <file>F2807x_SysCtrl.obj</file>
         <name>F2807x_SysCtrl.obj</name>
      </input_file>
      <input_file id="fl-1b">
         <path>.\1_Library\F28075\F2807x_common\source\</path>
         <kind>object</kind>
         <file>F2807x_TempSensorConv.obj</file>
         <name>F2807x_TempSensorConv.obj</name>
      </input_file>
      <input_file id="fl-1c">
         <path>.\1_Library\F28075\F2807x_common\source\</path>
         <kind>object</kind>
         <file>F2807x_sci_io.obj</file>
         <name>F2807x_sci_io.obj</name>
      </input_file>
      <input_file id="fl-1d">
         <path>.\1_Library\F28075\F2807x_common\source\</path>
         <kind>object</kind>
         <file>F2807x_sdfm_drivers.obj</file>
         <name>F2807x_sdfm_drivers.obj</name>
      </input_file>
      <input_file id="fl-1e">
         <path>.\1_Library\F28075\F2807x_common\source\</path>
         <kind>object</kind>
         <file>F2807x_struct.obj</file>
         <name>F2807x_struct.obj</name>
      </input_file>
      <input_file id="fl-1f">
         <path>.\1_Library\F28075\F2807x_common\source\</path>
         <kind>object</kind>
         <file>F2807x_usDelay.obj</file>
         <name>F2807x_usDelay.obj</name>
      </input_file>
      <input_file id="fl-20">
         <path>.\1_Library\F28075\F2807x_common\source\</path>
         <kind>object</kind>
         <file>Fapi_UserDefinedFunctions.obj</file>
         <name>Fapi_UserDefinedFunctions.obj</name>
      </input_file>
      <input_file id="fl-21">
         <path>.\1_Library\F28075\F2807x_headers\source\</path>
         <kind>object</kind>
         <file>F2807x_GlobalVariableDefs.obj</file>
         <name>F2807x_GlobalVariableDefs.obj</name>
      </input_file>
      <input_file id="fl-22">
         <path>.\1_Library\PUBLIC\src\</path>
         <kind>object</kind>
         <file>Library.obj</file>
         <name>Library.obj</name>
      </input_file>
      <input_file id="fl-23">
         <path>.\1_Library\PUBLIC\src\</path>
         <kind>object</kind>
         <file>driver_uart_com.obj</file>
         <name>driver_uart_com.obj</name>
      </input_file>
      <input_file id="fl-24">
         <path>.\2_Interrupt\InterruptFcn\src\</path>
         <kind>object</kind>
         <file>isr_adc.obj</file>
         <name>isr_adc.obj</name>
      </input_file>
      <input_file id="fl-25">
         <path>.\2_Interrupt\InterruptFcn\src\</path>
         <kind>object</kind>
         <file>isr_boost_ctrl.obj</file>
         <name>isr_boost_ctrl.obj</name>
      </input_file>
      <input_file id="fl-26">
         <path>.\2_Interrupt\InterruptFcn\src\</path>
         <kind>object</kind>
         <file>isr_inv_ctrl.obj</file>
         <name>isr_inv_ctrl.obj</name>
      </input_file>
      <input_file id="fl-27">
         <path>.\2_Interrupt\InterruptFcn\src\</path>
         <kind>object</kind>
         <file>isr_main_fuction.obj</file>
         <name>isr_main_fuction.obj</name>
      </input_file>
      <input_file id="fl-28">
         <path>.\2_Interrupt\InterruptFcn\src\</path>
         <kind>object</kind>
         <file>isr_pll.obj</file>
         <name>isr_pll.obj</name>
      </input_file>
      <input_file id="fl-29">
         <path>.\2_Interrupt\InterruptFcn\src\</path>
         <kind>object</kind>
         <file>isr_protect.obj</file>
         <name>isr_protect.obj</name>
      </input_file>
      <input_file id="fl-2a">
         <path>.\2_Interrupt\InterruptFcn\src\</path>
         <kind>object</kind>
         <file>isr_pwm_gen.obj</file>
         <name>isr_pwm_gen.obj</name>
      </input_file>
      <input_file id="fl-2b">
         <path>.\2_Interrupt\InterruptInit\src\</path>
         <kind>object</kind>
         <file>isr_init.obj</file>
         <name>isr_init.obj</name>
      </input_file>
      <input_file id="fl-2c">
         <path>.\3_TaskApp\Task_ACOutput\src\</path>
         <kind>object</kind>
         <file>calc_ac_rms.obj</file>
         <name>calc_ac_rms.obj</name>
      </input_file>
      <input_file id="fl-2d">
         <path>.\3_TaskApp\Task_ACOutput\src\</path>
         <kind>object</kind>
         <file>reactive_power_ctrl.obj</file>
         <name>reactive_power_ctrl.obj</name>
      </input_file>
      <input_file id="fl-2e">
         <path>.\3_TaskApp\Task_ACOutput\src\</path>
         <kind>object</kind>
         <file>safty_dci_check.obj</file>
         <name>safty_dci_check.obj</name>
      </input_file>
      <input_file id="fl-2f">
         <path>.\3_TaskApp\Task_ACOutput\src\</path>
         <kind>object</kind>
         <file>safty_fan_ctrl.obj</file>
         <name>safty_fan_ctrl.obj</name>
      </input_file>
      <input_file id="fl-30">
         <path>.\3_TaskApp\Task_ACOutput\src\</path>
         <kind>object</kind>
         <file>safty_gfci_check.obj</file>
         <name>safty_gfci_check.obj</name>
      </input_file>
      <input_file id="fl-31">
         <path>.\3_TaskApp\Task_ACOutput\src\</path>
         <kind>object</kind>
         <file>safty_grid_freq_check.obj</file>
         <name>safty_grid_freq_check.obj</name>
      </input_file>
      <input_file id="fl-32">
         <path>.\3_TaskApp\Task_ACOutput\src\</path>
         <kind>object</kind>
         <file>safty_grid_volt_check.obj</file>
         <name>safty_grid_volt_check.obj</name>
      </input_file>
      <input_file id="fl-33">
         <path>.\3_TaskApp\Task_ACOutput\src\</path>
         <kind>object</kind>
         <file>safty_load_limit.obj</file>
         <name>safty_load_limit.obj</name>
      </input_file>
      <input_file id="fl-34">
         <path>.\3_TaskApp\Task_ACOutput\src\</path>
         <kind>object</kind>
         <file>task_ACOutput.obj</file>
         <name>task_ACOutput.obj</name>
      </input_file>
      <input_file id="fl-35">
         <path>.\3_TaskApp\Task_ComDebug\src\</path>
         <kind>object</kind>
         <file>modbus_protocol.obj</file>
         <name>modbus_protocol.obj</name>
      </input_file>
      <input_file id="fl-36">
         <path>.\3_TaskApp\Task_ComDebug\src\</path>
         <kind>object</kind>
         <file>task_com_debug.obj</file>
         <name>task_com_debug.obj</name>
      </input_file>
      <input_file id="fl-37">
         <path>.\3_TaskApp\Task_ComF042\src\</path>
         <kind>object</kind>
         <file>task_com_f042.obj</file>
         <name>task_com_f042.obj</name>
      </input_file>
      <input_file id="fl-38">
         <path>.\3_TaskApp\Task_ComF107\src\</path>
         <kind>object</kind>
         <file>com_data_deal.obj</file>
         <name>com_data_deal.obj</name>
      </input_file>
      <input_file id="fl-39">
         <path>.\3_TaskApp\Task_ComF107\src\</path>
         <kind>object</kind>
         <file>task_com_f107.obj</file>
         <name>task_com_f107.obj</name>
      </input_file>
      <input_file id="fl-3a">
         <path>.\3_TaskApp\Task_ControlLoop\src\</path>
         <kind>object</kind>
         <file>task_control_loop.obj</file>
         <name>task_control_loop.obj</name>
      </input_file>
      <input_file id="fl-3b">
         <path>.\3_TaskApp\Task_PVInput\src\</path>
         <kind>object</kind>
         <file>calc_mppt_condition.obj</file>
         <name>calc_mppt_condition.obj</name>
      </input_file>
      <input_file id="fl-3c">
         <path>.\3_TaskApp\Task_PVInput\src\</path>
         <kind>object</kind>
         <file>calc_pv_avg.obj</file>
         <name>calc_pv_avg.obj</name>
      </input_file>
      <input_file id="fl-3d">
         <path>.\3_TaskApp\Task_PVInput\src\</path>
         <kind>object</kind>
         <file>check_turn_on.obj</file>
         <name>check_turn_on.obj</name>
      </input_file>
      <input_file id="fl-3e">
         <path>.\3_TaskApp\Task_PVInput\src\</path>
         <kind>object</kind>
         <file>run_mppt.obj</file>
         <name>run_mppt.obj</name>
      </input_file>
      <input_file id="fl-3f">
         <path>.\3_TaskApp\Task_PVInput\src\</path>
         <kind>object</kind>
         <file>safty_dc_sample.obj</file>
         <name>safty_dc_sample.obj</name>
      </input_file>
      <input_file id="fl-40">
         <path>.\3_TaskApp\Task_PVInput\src\</path>
         <kind>object</kind>
         <file>safty_iso_check.obj</file>
         <name>safty_iso_check.obj</name>
      </input_file>
      <input_file id="fl-41">
         <path>.\3_TaskApp\Task_PVInput\src\</path>
         <kind>object</kind>
         <file>safty_others_check.obj</file>
         <name>safty_others_check.obj</name>
      </input_file>
      <input_file id="fl-42">
         <path>.\3_TaskApp\Task_PVInput\src\</path>
         <kind>object</kind>
         <file>task_PVInput.obj</file>
         <name>task_PVInput.obj</name>
      </input_file>
      <input_file id="fl-43">
         <path>.\3_TaskApp\Task_Status\src\</path>
         <kind>object</kind>
         <file>safty_relay_check.obj</file>
         <name>safty_relay_check.obj</name>
      </input_file>
      <input_file id="fl-44">
         <path>.\3_TaskApp\Task_Status\src\</path>
         <kind>object</kind>
         <file>task_status.obj</file>
         <name>task_status.obj</name>
      </input_file>
      <input_file id="fl-45">
         <path>.\4_System\SystemInit\src\</path>
         <kind>object</kind>
         <file>system_periph_init.obj</file>
         <name>system_periph_init.obj</name>
      </input_file>
      <input_file id="fl-46">
         <path>.\4_System\SystemInit\src\</path>
         <kind>object</kind>
         <file>system_variable_init.obj</file>
         <name>system_variable_init.obj</name>
      </input_file>
      <input_file id="fl-47">
         <path>.\4_System\SystemUpdate\update_dsp\src\</path>
         <kind>object</kind>
         <file>update_dsp.obj</file>
         <name>update_dsp.obj</name>
      </input_file>
      <input_file id="fl-50">
         <kind>object</kind>
         <file>&lt;internal&gt;</file>
         <name>&lt;internal&gt;</name>
      </input_file>
      <input_file id="fl-51">
         <path>..\1_Library\F28075\F2807x_common\</path>
         <kind>archive</kind>
         <file>F021_API_F2837xD_FPU32.lib</file>
         <name>Async.obj</name>
      </input_file>
      <input_file id="fl-52">
         <path>..\1_Library\F28075\F2807x_common\</path>
         <kind>archive</kind>
         <file>F021_API_F2837xD_FPU32.lib</file>
         <name>Init.obj</name>
      </input_file>
      <input_file id="fl-53">
         <path>..\1_Library\F28075\F2807x_common\</path>
         <kind>archive</kind>
         <file>F021_API_F2837xD_FPU32.lib</file>
         <name>FlashStateMachine.obj</name>
      </input_file>
      <input_file id="fl-54">
         <path>..\1_Library\F28075\F2807x_common\</path>
         <kind>archive</kind>
         <file>F021_API_F2837xD_FPU32.lib</file>
         <name>Program.obj</name>
      </input_file>
      <input_file id="fl-55">
         <path>..\1_Library\F28075\F2807x_common\</path>
         <kind>archive</kind>
         <file>F021_API_F2837xD_FPU32.lib</file>
         <name>FlashStateMachine.obj</name>
      </input_file>
      <input_file id="fl-56">
         <path>..\1_Library\F28075\F2807x_common\</path>
         <kind>archive</kind>
         <file>F021_API_F2837xD_FPU32.lib</file>
         <name>Utilities.obj</name>
      </input_file>
      <input_file id="fl-57">
         <path>..\1_Library\F28075\F2807x_common\lib\</path>
         <kind>archive</kind>
         <file>IQmath_fpu32.lib</file>
         <name>IQ24cos.obj</name>
      </input_file>
      <input_file id="fl-58">
         <path>..\1_Library\F28075\F2807x_common\lib\</path>
         <kind>archive</kind>
         <file>IQmath_fpu32.lib</file>
         <name>IQ24sin.obj</name>
      </input_file>
      <input_file id="fl-59">
         <path>..\1_Library\F28075\F2807x_common\lib\</path>
         <kind>archive</kind>
         <file>IQmath_fpu32.lib</file>
         <name>IQmathTables.obj</name>
      </input_file>
      <input_file id="fl-65">
         <path>C:\ti\ccs910\ccs\tools\compiler\ti-cgt-c2000_18.12.2.LTS\lib\</path>
         <kind>archive</kind>
         <file>rts2800_fpu32.lib</file>
         <name>boot28.asm.obj</name>
      </input_file>
      <input_file id="fl-66">
         <path>C:\ti\ccs910\ccs\tools\compiler\ti-cgt-c2000_18.12.2.LTS\lib\</path>
         <kind>archive</kind>
         <file>rts2800_fpu32.lib</file>
         <name>fs_div28.asm.obj</name>
      </input_file>
      <input_file id="fl-67">
         <path>C:\ti\ccs910\ccs\tools\compiler\ti-cgt-c2000_18.12.2.LTS\lib\</path>
         <kind>archive</kind>
         <file>rts2800_fpu32.lib</file>
         <name>ll_aox28.asm.obj</name>
      </input_file>
      <input_file id="fl-68">
         <path>C:\ti\ccs910\ccs\tools\compiler\ti-cgt-c2000_18.12.2.LTS\lib\</path>
         <kind>archive</kind>
         <file>rts2800_fpu32.lib</file>
         <name>ll_cmp28.asm.obj</name>
      </input_file>
      <input_file id="fl-69">
         <path>C:\ti\ccs910\ccs\tools\compiler\ti-cgt-c2000_18.12.2.LTS\lib\</path>
         <kind>archive</kind>
         <file>rts2800_fpu32.lib</file>
         <name>i_div28.asm.obj</name>
      </input_file>
      <input_file id="fl-6a">
         <path>C:\ti\ccs910\ccs\tools\compiler\ti-cgt-c2000_18.12.2.LTS\lib\</path>
         <kind>archive</kind>
         <file>rts2800_fpu32.lib</file>
         <name>l_div28.asm.obj</name>
      </input_file>
      <input_file id="fl-6b">
         <path>C:\ti\ccs910\ccs\tools\compiler\ti-cgt-c2000_18.12.2.LTS\lib\</path>
         <kind>archive</kind>
         <file>rts2800_fpu32.lib</file>
         <name>cpy_tbl.c.obj</name>
      </input_file>
      <input_file id="fl-6c">
         <path>C:\ti\ccs910\ccs\tools\compiler\ti-cgt-c2000_18.12.2.LTS\lib\</path>
         <kind>archive</kind>
         <file>rts2800_fpu32.lib</file>
         <name>memcpy.c.obj</name>
      </input_file>
      <input_file id="fl-6d">
         <path>C:\ti\ccs910\ccs\tools\compiler\ti-cgt-c2000_18.12.2.LTS\lib\</path>
         <kind>archive</kind>
         <file>rts2800_fpu32.lib</file>
         <name>pre_init.c.obj</name>
      </input_file>
      <input_file id="fl-6e">
         <path>C:\ti\ccs910\ccs\tools\compiler\ti-cgt-c2000_18.12.2.LTS\lib\</path>
         <kind>archive</kind>
         <file>rts2800_fpu32.lib</file>
         <name>startup.c.obj</name>
      </input_file>
      <input_file id="fl-6f">
         <path>C:\ti\ccs910\ccs\tools\compiler\ti-cgt-c2000_18.12.2.LTS\lib\</path>
         <kind>archive</kind>
         <file>rts2800_fpu32.lib</file>
         <name>exit.c.obj</name>
      </input_file>
      <input_file id="fl-70">
         <path>C:\ti\ccs910\ccs\tools\compiler\ti-cgt-c2000_18.12.2.LTS\lib\</path>
         <kind>archive</kind>
         <file>rts2800_fpu32.lib</file>
         <name>_lock.c.obj</name>
      </input_file>
      <input_file id="fl-71">
         <path>C:\ti\ccs910\ccs\tools\compiler\ti-cgt-c2000_18.12.2.LTS\lib\</path>
         <kind>archive</kind>
         <file>rts2800_fpu32.lib</file>
         <name>args_main.c.obj</name>
      </input_file>
      <input_file id="fl-72">
         <path>C:\ti\ccs910\ccs\tools\compiler\ti-cgt-c2000_18.12.2.LTS\lib\</path>
         <kind>archive</kind>
         <file>rts2800_fpu32.lib</file>
         <name>memset.c.obj</name>
      </input_file>
   </input_file_list>
   <object_component_list>
      <object_component id="oc-381">
         <name>.cinit:_ud25_40kwBoostResistanceTable</name>
         <load_address>0x84000</load_address>
         <run_address>0x84000</run_address>
         <size>0x45</size>
         <input_file_ref idref="fl-3c"/>
      </object_component>
      <object_component id="oc-37f">
         <name>.cinit:_ud25_40kwInvNTCResistanceTable</name>
         <load_address>0x84045</load_address>
         <run_address>0x84045</run_address>
         <size>0x45</size>
         <input_file_ref idref="fl-3c"/>
      </object_component>
      <object_component id="oc-37d">
         <name>.cinit:_ud50_70kwInvNTCResistanceTable</name>
         <load_address>0x8408a</load_address>
         <run_address>0x8408a</run_address>
         <size>0x45</size>
         <input_file_ref idref="fl-3c"/>
      </object_component>
      <object_component id="oc-383">
         <name>.cinit:_udAmbResistanceTable</name>
         <load_address>0x840cf</load_address>
         <run_address>0x840cf</run_address>
         <size>0x45</size>
         <input_file_ref idref="fl-3c"/>
      </object_component>
      <object_component id="oc-1a9">
         <name>.cinit</name>
         <load_address>0x84114</load_address>
         <run_address>0x84114</run_address>
         <size>0x43</size>
         <input_file_ref idref="fl-26"/>
      </object_component>
      <object_component id="oc-19b">
         <name>.cinit</name>
         <load_address>0x84157</load_address>
         <run_address>0x84157</run_address>
         <size>0x3c</size>
         <input_file_ref idref="fl-24"/>
      </object_component>
      <object_component id="oc-277">
         <name>.cinit</name>
         <load_address>0x84193</load_address>
         <run_address>0x84193</run_address>
         <size>0x2f</size>
         <input_file_ref idref="fl-44"/>
      </object_component>
      <object_component id="oc-1bf">
         <name>.cinit</name>
         <load_address>0x841c2</load_address>
         <run_address>0x841c2</run_address>
         <size>0x2c</size>
         <input_file_ref idref="fl-29"/>
      </object_component>
      <object_component id="oc-215">
         <name>.cinit</name>
         <load_address>0x841ee</load_address>
         <run_address>0x841ee</run_address>
         <size>0x2c</size>
         <input_file_ref idref="fl-36"/>
      </object_component>
      <object_component id="oc-158">
         <name>.cinit:_TRIP_SEL</name>
         <load_address>0x8421a</load_address>
         <run_address>0x8421a</run_address>
         <size>0x21</size>
         <input_file_ref idref="fl-1e"/>
      </object_component>
      <object_component id="oc-17d">
         <name>.cinit:_EPWM</name>
         <load_address>0x8423b</load_address>
         <run_address>0x8423b</run_address>
         <size>0x1d</size>
         <input_file_ref idref="fl-1e"/>
      </object_component>
      <object_component id="oc-1d2">
         <name>.cinit</name>
         <load_address>0x84258</load_address>
         <run_address>0x84258</run_address>
         <size>0x1c</size>
         <input_file_ref idref="fl-2c"/>
      </object_component>
      <object_component id="oc-1eb">
         <name>.cinit</name>
         <load_address>0x84274</load_address>
         <run_address>0x84274</run_address>
         <size>0x1c</size>
         <input_file_ref idref="fl-30"/>
      </object_component>
      <object_component id="oc-194">
         <name>.cinit</name>
         <load_address>0x84290</load_address>
         <run_address>0x84290</run_address>
         <size>0x18</size>
         <input_file_ref idref="fl-23"/>
      </object_component>
      <object_component id="oc-25b">
         <name>.cinit</name>
         <load_address>0x842a8</load_address>
         <run_address>0x842a8</run_address>
         <size>0x15</size>
         <input_file_ref idref="fl-40"/>
      </object_component>
      <object_component id="oc-151">
         <name>.cinit:_ECAP</name>
         <load_address>0x842bd</load_address>
         <run_address>0x842bd</run_address>
         <size>0x11</size>
         <input_file_ref idref="fl-1e"/>
      </object_component>
      <object_component id="oc-240">
         <name>.cinit</name>
         <load_address>0x842ce</load_address>
         <run_address>0x842ce</run_address>
         <size>0x10</size>
         <input_file_ref idref="fl-3c"/>
      </object_component>
      <object_component id="oc-1e4">
         <name>.cinit</name>
         <load_address>0x842de</load_address>
         <run_address>0x842de</run_address>
         <size>0x10</size>
         <input_file_ref idref="fl-2f"/>
      </object_component>
      <object_component id="oc-1f9">
         <name>.cinit</name>
         <load_address>0x842ee</load_address>
         <run_address>0x842ee</run_address>
         <size>0x10</size>
         <input_file_ref idref="fl-32"/>
      </object_component>
      <object_component id="oc-200">
         <name>.cinit</name>
         <load_address>0x842fe</load_address>
         <run_address>0x842fe</run_address>
         <size>0x10</size>
         <input_file_ref idref="fl-33"/>
      </object_component>
      <object_component id="oc-262">
         <name>.cinit</name>
         <load_address>0x8430e</load_address>
         <run_address>0x8430e</run_address>
         <size>0x10</size>
         <input_file_ref idref="fl-41"/>
      </object_component>
      <object_component id="oc-22a">
         <name>.cinit</name>
         <load_address>0x8431e</load_address>
         <run_address>0x8431e</run_address>
         <size>0x10</size>
         <input_file_ref idref="fl-39"/>
      </object_component>
      <object_component id="oc-2e4">
         <name>.cinit</name>
         <load_address>0x8432e</load_address>
         <run_address>0x8432e</run_address>
         <size>0xe</size>
         <input_file_ref idref="fl-6f"/>
      </object_component>
      <object_component id="oc-239">
         <name>.cinit</name>
         <load_address>0x8433c</load_address>
         <run_address>0x8433c</run_address>
         <size>0xc</size>
         <input_file_ref idref="fl-3b"/>
      </object_component>
      <object_component id="oc-1b8">
         <name>.cinit</name>
         <load_address>0x84348</load_address>
         <run_address>0x84348</run_address>
         <size>0xc</size>
         <input_file_ref idref="fl-28"/>
      </object_component>
      <object_component id="oc-254">
         <name>.cinit</name>
         <load_address>0x84354</load_address>
         <run_address>0x84354</run_address>
         <size>0xc</size>
         <input_file_ref idref="fl-3f"/>
      </object_component>
      <object_component id="oc-21d">
         <name>.cinit</name>
         <load_address>0x84360</load_address>
         <run_address>0x84360</run_address>
         <size>0xc</size>
         <input_file_ref idref="fl-37"/>
      </object_component>
      <object_component id="oc-173">
         <name>.cinit:_ADC</name>
         <load_address>0x8436c</load_address>
         <run_address>0x8436c</run_address>
         <size>0xb</size>
         <input_file_ref idref="fl-1e"/>
      </object_component>
      <object_component id="oc-15c">
         <name>.cinit:_EQEP</name>
         <load_address>0x84377</load_address>
         <run_address>0x84377</run_address>
         <size>0xb</size>
         <input_file_ref idref="fl-1e"/>
      </object_component>
      <object_component id="oc-13e">
         <name>.cinit:_SPI</name>
         <load_address>0x84382</load_address>
         <run_address>0x84382</run_address>
         <size>0xb</size>
         <input_file_ref idref="fl-1e"/>
      </object_component>
      <object_component id="oc-178">
         <name>.cinit:_SDFM</name>
         <load_address>0x8438d</load_address>
         <run_address>0x8438d</run_address>
         <size>0x9</size>
         <input_file_ref idref="fl-1e"/>
      </object_component>
      <object_component id="oc-247">
         <name>.cinit</name>
         <load_address>0x84396</load_address>
         <run_address>0x84396</run_address>
         <size>0x8</size>
         <input_file_ref idref="fl-3d"/>
      </object_component>
      <object_component id="oc-1a2">
         <name>.cinit</name>
         <load_address>0x8439e</load_address>
         <run_address>0x8439e</run_address>
         <size>0x8</size>
         <input_file_ref idref="fl-25"/>
      </object_component>
      <object_component id="oc-1b0">
         <name>.cinit</name>
         <load_address>0x843a6</load_address>
         <run_address>0x843a6</run_address>
         <size>0x8</size>
         <input_file_ref idref="fl-27"/>
      </object_component>
      <object_component id="oc-1f2">
         <name>.cinit</name>
         <load_address>0x843ae</load_address>
         <run_address>0x843ae</run_address>
         <size>0x8</size>
         <input_file_ref idref="fl-31"/>
      </object_component>
      <object_component id="oc-270">
         <name>.cinit</name>
         <load_address>0x843b6</load_address>
         <run_address>0x843b6</run_address>
         <size>0x8</size>
         <input_file_ref idref="fl-43"/>
      </object_component>
      <object_component id="oc-160">
         <name>.cinit:_I2C</name>
         <load_address>0x843be</load_address>
         <run_address>0x843be</run_address>
         <size>0x7</size>
         <input_file_ref idref="fl-1e"/>
      </object_component>
      <object_component id="oc-165">
         <name>.cinit:_MCBSP</name>
         <load_address>0x843c5</load_address>
         <run_address>0x843c5</run_address>
         <size>0x7</size>
         <input_file_ref idref="fl-1e"/>
      </object_component>
      <object_component id="oc-139">
         <name>.cinit:_SCI</name>
         <load_address>0x843cc</load_address>
         <run_address>0x843cc</run_address>
         <size>0x7</size>
         <input_file_ref idref="fl-1e"/>
      </object_component>
      <object_component id="oc-352">
         <name>.cinit:_uwDspSerialNumber</name>
         <load_address>0x843d3</load_address>
         <run_address>0x843d3</run_address>
         <size>0x7</size>
         <input_file_ref idref="fl-35"/>
      </object_component>
      <object_component id="oc-322">
         <name>.cinit:_wDataKind</name>
         <load_address>0x843da</load_address>
         <run_address>0x843da</run_address>
         <size>0x7</size>
         <input_file_ref idref="fl-36"/>
      </object_component>
      <object_component id="oc-319">
         <name>.cinit:__lock</name>
         <load_address>0x843e1</load_address>
         <run_address>0x843e1</run_address>
         <size>0x5</size>
         <input_file_ref idref="fl-70"/>
      </object_component>
      <object_component id="oc-349">
         <name>.cinit:__unlock</name>
         <load_address>0x843e6</load_address>
         <run_address>0x843e6</run_address>
         <size>0x5</size>
         <input_file_ref idref="fl-70"/>
      </object_component>
      <object_component id="oc-111">
         <name>.cinit</name>
         <load_address>0x843eb</load_address>
         <run_address>0x843eb</run_address>
         <size>0x4</size>
         <input_file_ref idref="fl-1c"/>
      </object_component>
      <object_component id="oc-394">
         <name>.cinit:_suwFanFaultClrCnt$6</name>
         <load_address>0x843ef</load_address>
         <run_address>0x843ef</run_address>
         <size>0x4</size>
         <input_file_ref idref="fl-2f"/>
      </object_component>
      <object_component id="oc-396">
         <name>.cinit:_suwFanFaultSetCnt$5</name>
         <load_address>0x843f3</load_address>
         <run_address>0x843f3</run_address>
         <size>0x4</size>
         <input_file_ref idref="fl-2f"/>
      </object_component>
      <object_component id="oc-33d">
         <name>.cinit:_suwFanPulseOffCnt$8</name>
         <load_address>0x843f7</load_address>
         <run_address>0x843f7</run_address>
         <size>0x4</size>
         <input_file_ref idref="fl-2f"/>
      </object_component>
      <object_component id="oc-33b">
         <name>.cinit:_suwFanPulseOnCnt$7</name>
         <load_address>0x843fb</load_address>
         <run_address>0x843fb</run_address>
         <size>0x4</size>
         <input_file_ref idref="fl-2f"/>
      </object_component>
      <object_component id="oc-390">
         <name>.cinit:_uwPVConnectCnt$1</name>
         <load_address>0x843ff</load_address>
         <run_address>0x843ff</run_address>
         <size>0x4</size>
         <input_file_ref idref="fl-3b"/>
      </object_component>
      <object_component id="oc-392">
         <name>.cinit:_uwPVDisConnectCnt$2</name>
         <load_address>0x84403</load_address>
         <run_address>0x84403</run_address>
         <size>0x4</size>
         <input_file_ref idref="fl-3b"/>
      </object_component>
      <object_component id="oc-1c6">
         <name>.cinit</name>
         <load_address>0x84407</load_address>
         <run_address>0x84407</run_address>
         <size>0x4</size>
         <input_file_ref idref="fl-2a"/>
      </object_component>
      <object_component id="oc-20e">
         <name>.cinit</name>
         <load_address>0x8440b</load_address>
         <run_address>0x8440b</run_address>
         <size>0x4</size>
         <input_file_ref idref="fl-35"/>
      </object_component>
      <object_component id="oc-207">
         <name>.cinit</name>
         <load_address>0x8440f</load_address>
         <run_address>0x8440f</run_address>
         <size>0x4</size>
         <input_file_ref idref="fl-34"/>
      </object_component>
      <object_component id="oc-269">
         <name>.cinit</name>
         <load_address>0x84413</load_address>
         <run_address>0x84413</run_address>
         <size>0x4</size>
         <input_file_ref idref="fl-42"/>
      </object_component>
      <object_component id="oc-232">
         <name>.cinit</name>
         <load_address>0x84417</load_address>
         <run_address>0x84417</run_address>
         <size>0x4</size>
         <input_file_ref idref="fl-3a"/>
      </object_component>
      <object_component id="oc-313">
         <name>.text</name>
         <load_address>0x88000</load_address>
         <run_address>0x88000</run_address>
         <size>0xdb5</size>
         <input_file_ref idref="fl-36"/>
      </object_component>
      <object_component id="oc-345">
         <name>.text</name>
         <load_address>0x88db5</load_address>
         <run_address>0x88db5</run_address>
         <size>0xc7e</size>
         <input_file_ref idref="fl-39"/>
      </object_component>
      <object_component id="oc-362">
         <name>.text</name>
         <load_address>0x89a33</load_address>
         <run_address>0x89a33</run_address>
         <size>0xa26</size>
         <input_file_ref idref="fl-3c"/>
      </object_component>
      <object_component id="oc-347">
         <name>.text</name>
         <load_address>0x8a459</load_address>
         <run_address>0x8a459</run_address>
         <size>0x8c5</size>
         <input_file_ref idref="fl-10"/>
      </object_component>
      <object_component id="oc-337">
         <name>.text</name>
         <load_address>0x8ad1e</load_address>
         <run_address>0x8ad1e</run_address>
         <size>0x814</size>
         <input_file_ref idref="fl-35"/>
      </object_component>
      <object_component id="oc-368">
         <name>.text</name>
         <load_address>0x8b532</load_address>
         <run_address>0x8b532</run_address>
         <size>0x675</size>
         <input_file_ref idref="fl-33"/>
      </object_component>
      <object_component id="oc-c7">
         <name>.text:retain</name>
         <load_address>0x8bba7</load_address>
         <run_address>0x8bba7</run_address>
         <size>0x549</size>
         <input_file_ref idref="fl-d"/>
      </object_component>
      <object_component id="oc-361">
         <name>.text</name>
         <load_address>0x8c0f0</load_address>
         <run_address>0x8c0f0</run_address>
         <size>0x444</size>
         <input_file_ref idref="fl-3e"/>
      </object_component>
      <object_component id="oc-358">
         <name>.text</name>
         <load_address>0x8c534</load_address>
         <run_address>0x8c534</run_address>
         <size>0x440</size>
         <input_file_ref idref="fl-13"/>
      </object_component>
      <object_component id="oc-369">
         <name>.text</name>
         <load_address>0x8c974</load_address>
         <run_address>0x8c974</run_address>
         <size>0x349</size>
         <input_file_ref idref="fl-2c"/>
      </object_component>
      <object_component id="oc-341">
         <name>.text</name>
         <load_address>0x8ccbd</load_address>
         <run_address>0x8ccbd</run_address>
         <size>0x341</size>
         <input_file_ref idref="fl-44"/>
      </object_component>
      <object_component id="oc-360">
         <name>.text</name>
         <load_address>0x8cffe</load_address>
         <run_address>0x8cffe</run_address>
         <size>0x326</size>
         <input_file_ref idref="fl-43"/>
      </object_component>
      <object_component id="oc-355">
         <name>.text</name>
         <load_address>0x8d324</load_address>
         <run_address>0x8d324</run_address>
         <size>0x317</size>
         <input_file_ref idref="fl-1a"/>
      </object_component>
      <object_component id="oc-364">
         <name>.text</name>
         <load_address>0x8d63b</load_address>
         <run_address>0x8d63b</run_address>
         <size>0x2b3</size>
         <input_file_ref idref="fl-3b"/>
      </object_component>
      <object_component id="oc-315">
         <name>.text</name>
         <load_address>0x8d8ee</load_address>
         <run_address>0x8d8ee</run_address>
         <size>0x25f</size>
         <input_file_ref idref="fl-31"/>
      </object_component>
      <object_component id="oc-35a">
         <name>.text</name>
         <load_address>0x8db4d</load_address>
         <run_address>0x8db4d</run_address>
         <size>0x21f</size>
         <input_file_ref idref="fl-9"/>
      </object_component>
      <object_component id="oc-36a">
         <name>.text</name>
         <load_address>0x8dd6c</load_address>
         <run_address>0x8dd6c</run_address>
         <size>0x20e</size>
         <input_file_ref idref="fl-32"/>
      </object_component>
      <object_component id="oc-363">
         <name>.text</name>
         <load_address>0x8df7a</load_address>
         <run_address>0x8df7a</run_address>
         <size>0x1df</size>
         <input_file_ref idref="fl-3f"/>
      </object_component>
      <object_component id="oc-35d">
         <name>.text</name>
         <load_address>0x8e159</load_address>
         <run_address>0x8e159</run_address>
         <size>0x1c5</size>
         <input_file_ref idref="fl-38"/>
      </object_component>
      <object_component id="oc-36b">
         <name>.text</name>
         <load_address>0x8e31e</load_address>
         <run_address>0x8e31e</run_address>
         <size>0x1c4</size>
         <input_file_ref idref="fl-30"/>
      </object_component>
      <object_component id="oc-30b">
         <name>.text</name>
         <load_address>0x8e4e2</load_address>
         <run_address>0x8e4e2</run_address>
         <size>0x1a6</size>
         <input_file_ref idref="fl-23"/>
      </object_component>
      <object_component id="oc-36e">
         <name>.text</name>
         <load_address>0x8e688</load_address>
         <run_address>0x8e688</run_address>
         <size>0x14e</size>
         <input_file_ref idref="fl-2f"/>
      </object_component>
      <object_component id="oc-365">
         <name>.text</name>
         <load_address>0x8e7d6</load_address>
         <run_address>0x8e7d6</run_address>
         <size>0x131</size>
         <input_file_ref idref="fl-40"/>
      </object_component>
      <object_component id="oc-344">
         <name>.text</name>
         <load_address>0x8e907</load_address>
         <run_address>0x8e907</run_address>
         <size>0xfa</size>
         <input_file_ref idref="fl-34"/>
      </object_component>
      <object_component id="oc-359">
         <name>.text</name>
         <load_address>0x8ea01</load_address>
         <run_address>0x8ea01</run_address>
         <size>0xdc</size>
         <input_file_ref idref="fl-f"/>
      </object_component>
      <object_component id="oc-335">
         <name>.text</name>
         <load_address>0x8eadd</load_address>
         <run_address>0x8eadd</run_address>
         <size>0xc5</size>
         <input_file_ref idref="fl-22"/>
      </object_component>
      <object_component id="oc-35f">
         <name>.text</name>
         <load_address>0x8eba2</load_address>
         <run_address>0x8eba2</run_address>
         <size>0xbc</size>
         <input_file_ref idref="fl-4"/>
      </object_component>
      <object_component id="oc-36d">
         <name>.text</name>
         <load_address>0x8ec5e</load_address>
         <run_address>0x8ec5e</run_address>
         <size>0xb3</size>
         <input_file_ref idref="fl-2d"/>
      </object_component>
      <object_component id="oc-33f">
         <name>.text</name>
         <load_address>0x8ed11</load_address>
         <run_address>0x8ed11</run_address>
         <size>0xb3</size>
         <input_file_ref idref="fl-46"/>
      </object_component>
      <object_component id="oc-367">
         <name>.text</name>
         <load_address>0x8edc4</load_address>
         <run_address>0x8edc4</run_address>
         <size>0xaf</size>
         <input_file_ref idref="fl-3d"/>
      </object_component>
      <object_component id="oc-346">
         <name>.text</name>
         <load_address>0x8ee73</load_address>
         <run_address>0x8ee73</run_address>
         <size>0xa6</size>
         <input_file_ref idref="fl-37"/>
      </object_component>
      <object_component id="oc-378">
         <name>.text</name>
         <load_address>0x8ef19</load_address>
         <run_address>0x8ef19</run_address>
         <size>0x96</size>
         <input_file_ref idref="fl-25"/>
      </object_component>
      <object_component id="oc-2b6">
         <name>.text</name>
         <load_address>0x8efaf</load_address>
         <run_address>0x8efaf</run_address>
         <size>0x88</size>
         <input_file_ref idref="fl-66"/>
      </object_component>
      <object_component id="oc-36c">
         <name>.text</name>
         <load_address>0x8f037</load_address>
         <run_address>0x8f037</run_address>
         <size>0x85</size>
         <input_file_ref idref="fl-2e"/>
      </object_component>
      <object_component id="oc-350">
         <name>.text</name>
         <load_address>0x8f0bc</load_address>
         <run_address>0x8f0bc</run_address>
         <size>0x80</size>
         <input_file_ref idref="fl-3"/>
      </object_component>
      <object_component id="oc-33e">
         <name>.text</name>
         <load_address>0x8f13c</load_address>
         <run_address>0x8f13c</run_address>
         <size>0x70</size>
         <input_file_ref idref="fl-45"/>
      </object_component>
      <object_component id="oc-366">
         <name>.text</name>
         <load_address>0x8f1ac</load_address>
         <run_address>0x8f1ac</run_address>
         <size>0x67</size>
         <input_file_ref idref="fl-41"/>
      </object_component>
      <object_component id="oc-317">
         <name>.text</name>
         <load_address>0x8f213</load_address>
         <run_address>0x8f213</run_address>
         <size>0x5f</size>
         <input_file_ref idref="fl-2"/>
      </object_component>
      <object_component id="oc-336">
         <name>.text</name>
         <load_address>0x8f272</load_address>
         <run_address>0x8f272</run_address>
         <size>0x5d</size>
         <input_file_ref idref="fl-6"/>
      </object_component>
      <object_component id="oc-35c">
         <name>.text</name>
         <load_address>0x8f2cf</load_address>
         <run_address>0x8f2cf</run_address>
         <size>0x5c</size>
         <input_file_ref idref="fl-b"/>
      </object_component>
      <object_component id="oc-340">
         <name>.text</name>
         <load_address>0x8f32b</load_address>
         <run_address>0x8f32b</run_address>
         <size>0x57</size>
         <input_file_ref idref="fl-7"/>
      </object_component>
      <object_component id="oc-84">
         <name>.text</name>
         <load_address>0x8f382</load_address>
         <run_address>0x8f382</run_address>
         <size>0x56</size>
         <input_file_ref idref="fl-65"/>
      </object_component>
      <object_component id="oc-343">
         <name>.text</name>
         <load_address>0x8f3d8</load_address>
         <run_address>0x8f3d8</run_address>
         <size>0x4c</size>
         <input_file_ref idref="fl-42"/>
      </object_component>
      <object_component id="oc-342">
         <name>.text</name>
         <load_address>0x8f424</load_address>
         <run_address>0x8f424</run_address>
         <size>0x48</size>
         <input_file_ref idref="fl-3a"/>
      </object_component>
      <object_component id="oc-35b">
         <name>.text</name>
         <load_address>0x8f46c</load_address>
         <run_address>0x8f46c</run_address>
         <size>0x40</size>
         <input_file_ref idref="fl-18"/>
      </object_component>
      <object_component id="oc-2ca">
         <name>.text</name>
         <load_address>0x8f4ac</load_address>
         <run_address>0x8f4ac</run_address>
         <size>0x2a</size>
         <input_file_ref idref="fl-6a"/>
      </object_component>
      <object_component id="oc-2fd">
         <name>.text</name>
         <load_address>0x8f4d6</load_address>
         <run_address>0x8f4d6</run_address>
         <size>0x29</size>
         <input_file_ref idref="fl-6f"/>
      </object_component>
      <object_component id="oc-356">
         <name>.text</name>
         <load_address>0x8f4ff</load_address>
         <run_address>0x8f4ff</run_address>
         <size>0x28</size>
         <input_file_ref idref="fl-16"/>
      </object_component>
      <object_component id="oc-379">
         <name>.text</name>
         <load_address>0x8f527</load_address>
         <run_address>0x8f527</run_address>
         <size>0x27</size>
         <input_file_ref idref="fl-26"/>
      </object_component>
      <object_component id="oc-357">
         <name>.text</name>
         <load_address>0x8f54e</load_address>
         <run_address>0x8f54e</run_address>
         <size>0x26</size>
         <input_file_ref idref="fl-17"/>
      </object_component>
      <object_component id="oc-2fa">
         <name>.text</name>
         <load_address>0x8f574</load_address>
         <run_address>0x8f574</run_address>
         <size>0x24</size>
         <input_file_ref idref="fl-6b"/>
      </object_component>
      <object_component id="oc-2c5">
         <name>.text</name>
         <load_address>0x8f598</load_address>
         <run_address>0x8f598</run_address>
         <size>0x22</size>
         <input_file_ref idref="fl-69"/>
      </object_component>
      <object_component id="oc-2c0">
         <name>.text</name>
         <load_address>0x8f5ba</load_address>
         <run_address>0x8f5ba</run_address>
         <size>0x1e</size>
         <input_file_ref idref="fl-68"/>
      </object_component>
      <object_component id="oc-316">
         <name>.text</name>
         <load_address>0x8f5d8</load_address>
         <run_address>0x8f5d8</run_address>
         <size>0x1d</size>
         <input_file_ref idref="fl-6c"/>
      </object_component>
      <object_component id="oc-2fc">
         <name>.text</name>
         <load_address>0x8f5f5</load_address>
         <run_address>0x8f5f5</run_address>
         <size>0x19</size>
         <input_file_ref idref="fl-71"/>
      </object_component>
      <object_component id="oc-37b">
         <name>.text</name>
         <load_address>0x8f60e</load_address>
         <run_address>0x8f60e</run_address>
         <size>0x18</size>
         <input_file_ref idref="fl-28"/>
      </object_component>
      <object_component id="oc-2bb">
         <name>.text</name>
         <load_address>0x8f626</load_address>
         <run_address>0x8f626</run_address>
         <size>0x18</size>
         <input_file_ref idref="fl-67"/>
      </object_component>
      <object_component id="oc-37a">
         <name>.text</name>
         <load_address>0x8f63e</load_address>
         <run_address>0x8f63e</run_address>
         <size>0x12</size>
         <input_file_ref idref="fl-2a"/>
      </object_component>
      <object_component id="oc-35e">
         <name>.text</name>
         <load_address>0x8f650</load_address>
         <run_address>0x8f650</run_address>
         <size>0x9</size>
         <input_file_ref idref="fl-2b"/>
      </object_component>
      <object_component id="oc-348">
         <name>.text</name>
         <load_address>0x8f659</load_address>
         <run_address>0x8f659</run_address>
         <size>0x9</size>
         <input_file_ref idref="fl-70"/>
      </object_component>
      <object_component id="oc-31d">
         <name>.text</name>
         <load_address>0x8f662</load_address>
         <run_address>0x8f662</run_address>
         <size>0x7</size>
         <input_file_ref idref="fl-72"/>
      </object_component>
      <object_component id="oc-c1">
         <name>.text</name>
         <load_address>0x8f669</load_address>
         <run_address>0x8f669</run_address>
         <size>0x3</size>
         <input_file_ref idref="fl-c"/>
      </object_component>
      <object_component id="oc-2f9">
         <name>.text</name>
         <load_address>0x8f66c</load_address>
         <run_address>0x8f66c</run_address>
         <size>0x2</size>
         <input_file_ref idref="fl-6d"/>
      </object_component>
      <object_component id="oc-2fb">
         <name>.text</name>
         <load_address>0x8f66e</load_address>
         <run_address>0x8f66e</run_address>
         <size>0x1</size>
         <input_file_ref idref="fl-6e"/>
      </object_component>
      <object_component id="oc-b4">
         <name>codestart</name>
         <load_address>0x80000</load_address>
         <run_address>0x80000</run_address>
         <size>0x2</size>
         <input_file_ref idref="fl-a"/>
      </object_component>
      <object_component id="oc-88">
         <name>bootstart</name>
         <load_address>0x80002</load_address>
         <run_address>0x80002</run_address>
         <size>0x2</size>
         <input_file_ref idref="fl-2"/>
      </object_component>
      <object_component id="oc-34d">
         <name>.text:__Fapi_setupFlashStateMachine</name>
         <load_address>0x80004</load_address>
         <run_address>0x13000</run_address>
         <size>0x259</size>
         <input_file_ref idref="fl-53"/>
      </object_component>
      <object_component id="oc-34c">
         <name>.text:_Fapi_issueProgrammingCommand</name>
         <load_address>0x8025d</load_address>
         <run_address>0x13259</run_address>
         <size>0x19d</size>
         <input_file_ref idref="fl-54"/>
      </object_component>
      <object_component id="oc-31b">
         <name>.text:_Fapi_initializeAPI</name>
         <load_address>0x803fa</load_address>
         <run_address>0x133f6</run_address>
         <size>0x34</size>
         <input_file_ref idref="fl-52"/>
      </object_component>
      <object_component id="oc-398">
         <name>.text:_Fapi_calculateFletcherChecksum</name>
         <load_address>0x8042e</load_address>
         <run_address>0x1342a</run_address>
         <size>0x2e</size>
         <input_file_ref idref="fl-56"/>
      </object_component>
      <object_component id="oc-370">
         <name>.text:__Fapi_issueFsmCommand</name>
         <load_address>0x8045c</load_address>
         <run_address>0x13458</run_address>
         <size>0x2d</size>
         <input_file_ref idref="fl-53"/>
      </object_component>
      <object_component id="oc-372">
         <name>.text:__Fapi_divideUnsignedLong</name>
         <load_address>0x80489</load_address>
         <run_address>0x13485</run_address>
         <size>0x2c</size>
         <input_file_ref idref="fl-56"/>
      </object_component>
      <object_component id="oc-31c">
         <name>.text:_Fapi_setActiveFlashBank</name>
         <load_address>0x804b5</load_address>
         <run_address>0x134b1</run_address>
         <size>0x25</size>
         <input_file_ref idref="fl-53"/>
      </object_component>
      <object_component id="oc-371">
         <name>.text:__Fapi_setupSectorsForWrite</name>
         <load_address>0x804da</load_address>
         <run_address>0x134d6</run_address>
         <size>0x22</size>
         <input_file_ref idref="fl-53"/>
      </object_component>
      <object_component id="oc-34a">
         <name>.text:_Fapi_issueAsyncCommandWithAddress</name>
         <load_address>0x804fc</load_address>
         <run_address>0x134f8</run_address>
         <size>0x20</size>
         <input_file_ref idref="fl-51"/>
      </object_component>
      <object_component id="oc-374">
         <name>.text:__Fapi_scaleCycleValues</name>
         <load_address>0x8051c</load_address>
         <run_address>0x13518</run_address>
         <size>0xd</size>
         <input_file_ref idref="fl-56"/>
      </object_component>
      <object_component id="oc-293">
         <name>.ebss</name>
         <load_address>0x8052a</load_address>
         <run_address>0x13526</run_address>
         <size>0xc</size>
         <input_file_ref idref="fl-52"/>
      </object_component>
      <object_component id="oc-373">
         <name>.text:__Fapi_calculateOtpChecksum</name>
         <load_address>0x80536</load_address>
         <run_address>0x13532</run_address>
         <size>0xb</size>
         <input_file_ref idref="fl-56"/>
      </object_component>
      <object_component id="oc-34b">
         <name>.text:_Fapi_checkFsmForReady</name>
         <load_address>0x80541</load_address>
         <run_address>0x1353d</run_address>
         <size>0xa</size>
         <input_file_ref idref="fl-55"/>
      </object_component>
      <object_component id="oc-31a">
         <name>codeupdateuser</name>
         <load_address>0x8054b</load_address>
         <run_address>0x13547</run_address>
         <size>0x211</size>
         <input_file_ref idref="fl-47"/>
      </object_component>
      <object_component id="oc-300">
         <name>codeupdate</name>
         <load_address>0x81000</load_address>
         <run_address>0x81000</run_address>
         <size>0x37f</size>
         <input_file_ref idref="fl-47"/>
      </object_component>
      <object_component id="oc-397">
         <name>codeupdate</name>
         <load_address>0x8137f</load_address>
         <run_address>0x8137f</run_address>
         <size>0xa8</size>
         <input_file_ref idref="fl-20"/>
      </object_component>
      <object_component id="oc-b5">
         <name>codeupdate</name>
         <load_address>0x81427</load_address>
         <run_address>0x81427</run_address>
         <size>0x2e</size>
         <input_file_ref idref="fl-a"/>
      </object_component>
      <object_component id="oc-289">
         <name>bootbufram</name>
         <uninitialized>true</uninitialized>
         <run_address>0x13e00</run_address>
         <size>0x1c5</size>
         <input_file_ref idref="fl-47"/>
      </object_component>
      <object_component id="oc-86">
         <name>appstart</name>
         <load_address>0x82000</load_address>
         <run_address>0x82000</run_address>
         <size>0x2</size>
         <input_file_ref idref="fl-2"/>
      </object_component>
      <object_component id="oc-b6">
         <name>clearram</name>
         <load_address>0x82002</load_address>
         <run_address>0x82002</run_address>
         <size>0x64</size>
         <input_file_ref idref="fl-a"/>
      </object_component>
      <object_component id="oc-87">
         <name>append</name>
         <load_address>0x9fffe</load_address>
         <run_address>0x9fffe</run_address>
         <size>0x2</size>
         <input_file_ref idref="fl-2"/>
      </object_component>
      <object_component id="oc-30d">
         <name>ramfuncs</name>
         <load_address>0x9b000</load_address>
         <run_address>0xb000</run_address>
         <size>0x8c3</size>
         <input_file_ref idref="fl-24"/>
      </object_component>
      <object_component id="oc-312">
         <name>ramfuncs</name>
         <load_address>0x9b8c3</load_address>
         <run_address>0xb8c3</run_address>
         <size>0x6f4</size>
         <input_file_ref idref="fl-25"/>
      </object_component>
      <object_component id="oc-30e">
         <name>ramfuncs</name>
         <load_address>0x9bfb7</load_address>
         <run_address>0xbfb7</run_address>
         <size>0x469</size>
         <input_file_ref idref="fl-28"/>
      </object_component>
      <object_component id="oc-310">
         <name>ramfuncs</name>
         <load_address>0x9c420</load_address>
         <run_address>0xc420</run_address>
         <size>0x45b</size>
         <input_file_ref idref="fl-2a"/>
      </object_component>
      <object_component id="oc-1b2">
         <name>ramfuncs:retain</name>
         <load_address>0x9c87b</load_address>
         <run_address>0xc87b</run_address>
         <size>0x3df</size>
         <input_file_ref idref="fl-27"/>
      </object_component>
      <object_component id="oc-30c">
         <name>ramfuncs</name>
         <load_address>0x9cc5a</load_address>
         <run_address>0xcc5a</run_address>
         <size>0x2d9</size>
         <input_file_ref idref="fl-29"/>
      </object_component>
      <object_component id="oc-30f">
         <name>ramfuncs</name>
         <load_address>0x9cf33</load_address>
         <run_address>0xcf33</run_address>
         <size>0x2bc</size>
         <input_file_ref idref="fl-26"/>
      </object_component>
      <object_component id="oc-314">
         <name>ramfuncs</name>
         <load_address>0x9d1ef</load_address>
         <run_address>0xd1ef</run_address>
         <size>0x148</size>
         <input_file_ref idref="fl-2f"/>
      </object_component>
      <object_component id="oc-311">
         <name>ramfuncs</name>
         <load_address>0x9d337</load_address>
         <run_address>0xd337</run_address>
         <size>0x4e</size>
         <input_file_ref idref="fl-36"/>
      </object_component>
      <object_component id="oc-aa">
         <name>ramfuncs:retain</name>
         <load_address>0x9d385</load_address>
         <run_address>0xd385</run_address>
         <size>0x4c</size>
         <input_file_ref idref="fl-8"/>
      </object_component>
      <object_component id="oc-99">
         <name>ramfuncs</name>
         <load_address>0x9d3d1</load_address>
         <run_address>0xd3d1</run_address>
         <size>0x36</size>
         <input_file_ref idref="fl-5"/>
      </object_component>
      <object_component id="oc-376">
         <name>ramfuncs</name>
         <load_address>0x9d407</load_address>
         <run_address>0xd407</run_address>
         <size>0x33</size>
         <input_file_ref idref="fl-1a"/>
      </object_component>
      <object_component id="oc-2ff">
         <name>ramfuncs</name>
         <load_address>0x9d43a</load_address>
         <run_address>0xd43a</run_address>
         <size>0x1c</size>
         <input_file_ref idref="fl-6"/>
      </object_component>
      <object_component id="oc-11e">
         <name>ramfuncs</name>
         <load_address>0x9d456</load_address>
         <run_address>0xd456</run_address>
         <size>0x4</size>
         <input_file_ref idref="fl-1f"/>
      </object_component>
      <object_component id="oc-2b0">
         <name>.stack</name>
         <uninitialized>true</uninitialized>
         <run_address>0x400</run_address>
         <size>0x0</size>
         <input_file_ref idref="fl-65"/>
      </object_component>
      <object_component id="oc-420">
         <name>.stack</name>
         <uninitialized>true</uninitialized>
         <run_address>0x400</run_address>
         <size>0x0</size>
      </object_component>
      <object_component id="oc-94">
         <name>.ebss</name>
         <uninitialized>true</uninitialized>
         <run_address>0x1053e</run_address>
         <size>0x2</size>
         <input_file_ref idref="fl-4"/>
      </object_component>
      <object_component id="oc-a4">
         <name>.ebss</name>
         <uninitialized>true</uninitialized>
         <run_address>0x106b6</run_address>
         <size>0xa</size>
         <input_file_ref idref="fl-7"/>
      </object_component>
      <object_component id="oc-2fe">
         <name>.ebss:_OSTCBTbl</name>
         <uninitialized>true</uninitialized>
         <run_address>0x10050</run_address>
         <size>0x2a</size>
         <input_file_ref idref="fl-7"/>
      </object_component>
      <object_component id="oc-bc">
         <name>.ebss</name>
         <uninitialized>true</uninitialized>
         <run_address>0x10c76</run_address>
         <size>0x8</size>
         <input_file_ref idref="fl-b"/>
      </object_component>
      <object_component id="oc-10b">
         <name>.ebss</name>
         <uninitialized>true</uninitialized>
         <run_address>0x1007a</run_address>
         <size>0x6</size>
         <input_file_ref idref="fl-1b"/>
      </object_component>
      <object_component id="oc-112">
         <name>.ebss</name>
         <uninitialized>true</uninitialized>
         <run_address>0x10749</run_address>
         <size>0x1</size>
         <input_file_ref idref="fl-1c"/>
      </object_component>
      <object_component id="oc-306">
         <name>.ebss:_I2C</name>
         <uninitialized>true</uninitialized>
         <run_address>0x1097c</run_address>
         <size>0x4</size>
         <input_file_ref idref="fl-1e"/>
      </object_component>
      <object_component id="oc-307">
         <name>.ebss:_MCBSP</name>
         <uninitialized>true</uninitialized>
         <run_address>0x10d7c</run_address>
         <size>0x4</size>
         <input_file_ref idref="fl-1e"/>
      </object_component>
      <object_component id="oc-301">
         <name>.ebss:_SCI</name>
         <uninitialized>true</uninitialized>
         <run_address>0x10e7c</run_address>
         <size>0x4</size>
         <input_file_ref idref="fl-1e"/>
      </object_component>
      <object_component id="oc-309">
         <name>.ebss:_SDFM</name>
         <uninitialized>true</uninitialized>
         <run_address>0x105fa</run_address>
         <size>0x6</size>
         <input_file_ref idref="fl-1e"/>
      </object_component>
      <object_component id="oc-305">
         <name>.ebss:_EQEP</name>
         <uninitialized>true</uninitialized>
         <run_address>0x10e64</run_address>
         <size>0x8</size>
         <input_file_ref idref="fl-1e"/>
      </object_component>
      <object_component id="oc-302">
         <name>.ebss:_SPI</name>
         <uninitialized>true</uninitialized>
         <run_address>0x10e6c</run_address>
         <size>0x8</size>
         <input_file_ref idref="fl-1e"/>
      </object_component>
      <object_component id="oc-308">
         <name>.ebss:_ADC</name>
         <uninitialized>true</uninitialized>
         <run_address>0x109f6</run_address>
         <size>0xa</size>
         <input_file_ref idref="fl-1e"/>
      </object_component>
      <object_component id="oc-303">
         <name>.ebss:_ECAP</name>
         <uninitialized>true</uninitialized>
         <run_address>0x10ce4</run_address>
         <size>0xe</size>
         <input_file_ref idref="fl-1e"/>
      </object_component>
      <object_component id="oc-30a">
         <name>.ebss:_EPWM</name>
         <uninitialized>true</uninitialized>
         <run_address>0x10b64</run_address>
         <size>0x1a</size>
         <input_file_ref idref="fl-1e"/>
      </object_component>
      <object_component id="oc-304">
         <name>.ebss:_TRIP_SEL</name>
         <uninitialized>true</uninitialized>
         <run_address>0xf862</run_address>
         <size>0x1e</size>
         <input_file_ref idref="fl-1e"/>
      </object_component>
      <object_component id="oc-195">
         <name>.ebss</name>
         <uninitialized>true</uninitialized>
         <run_address>0x10bfa</run_address>
         <size>0x6</size>
         <input_file_ref idref="fl-23"/>
      </object_component>
      <object_component id="oc-31f">
         <name>.ebss:_stSciTx</name>
         <uninitialized>true</uninitialized>
         <run_address>0x10c64</run_address>
         <size>0x12</size>
         <input_file_ref idref="fl-23"/>
      </object_component>
      <object_component id="oc-31e">
         <name>.ebss:_stSciRx</name>
         <uninitialized>true</uninitialized>
         <run_address>0x10a68</run_address>
         <size>0x18</size>
         <input_file_ref idref="fl-23"/>
      </object_component>
      <object_component id="oc-19c">
         <name>.ebss</name>
         <uninitialized>true</uninitialized>
         <run_address>0x10080</run_address>
         <size>0x2a0</size>
         <input_file_ref idref="fl-24"/>
      </object_component>
      <object_component id="oc-1a3">
         <name>.ebss</name>
         <uninitialized>true</uninitialized>
         <run_address>0x105d8</run_address>
         <size>0x22</size>
         <input_file_ref idref="fl-25"/>
      </object_component>
      <object_component id="oc-32c">
         <name>.ebss:_suwBTCurrLimitBTCurrRef$1</name>
         <uninitialized>true</uninitialized>
         <run_address>0x10f69</run_address>
         <size>0x4</size>
         <input_file_ref idref="fl-25"/>
      </object_component>
      <object_component id="oc-32b">
         <name>.ebss:_suwPowerLimitBTCurrRef$2</name>
         <uninitialized>true</uninitialized>
         <run_address>0x11056</run_address>
         <size>0x4</size>
         <input_file_ref idref="fl-25"/>
      </object_component>
      <object_component id="oc-329">
         <name>.ebss:_suwAcPowerLimitCnt$3</name>
         <uninitialized>true</uninitialized>
         <run_address>0x10f65</run_address>
         <size>0x4</size>
         <input_file_ref idref="fl-25"/>
      </object_component>
      <object_component id="oc-320">
         <name>.ebss:_stBTCtrl</name>
         <uninitialized>true</uninitialized>
         <run_address>0x10eea</run_address>
         <size>0x8</size>
         <input_file_ref idref="fl-25"/>
      </object_component>
      <object_component id="oc-328">
         <name>.ebss:_sdAcPowerSum5ms$4</name>
         <uninitialized>true</uninitialized>
         <run_address>0x10e74</run_address>
         <size>0x8</size>
         <input_file_ref idref="fl-25"/>
      </object_component>
      <object_component id="oc-325">
         <name>.ebss:_stBusVoltSoftStartCtrl</name>
         <uninitialized>true</uninitialized>
         <run_address>0x10800</run_address>
         <size>0x80</size>
         <input_file_ref idref="fl-25"/>
      </object_component>
      <object_component id="oc-326">
         <name>.ebss:_stPVVoltCtrl</name>
         <uninitialized>true</uninitialized>
         <run_address>0x10880</run_address>
         <size>0x80</size>
         <input_file_ref idref="fl-25"/>
      </object_component>
      <object_component id="oc-32a">
         <name>.ebss:_stBTCurrCtrl</name>
         <uninitialized>true</uninitialized>
         <run_address>0x10780</run_address>
         <size>0x80</size>
         <input_file_ref idref="fl-25"/>
      </object_component>
      <object_component id="oc-1aa">
         <name>.ebss</name>
         <uninitialized>true</uninitialized>
         <run_address>0x10f00</run_address>
         <size>0x60</size>
         <input_file_ref idref="fl-26"/>
      </object_component>
      <object_component id="oc-1b1">
         <name>.ebss</name>
         <uninitialized>true</uninitialized>
         <run_address>0x1107d</run_address>
         <size>0x2</size>
         <input_file_ref idref="fl-27"/>
      </object_component>
      <object_component id="oc-1b9">
         <name>.ebss</name>
         <uninitialized>true</uninitialized>
         <run_address>0x10900</run_address>
         <size>0x7c</size>
         <input_file_ref idref="fl-28"/>
      </object_component>
      <object_component id="oc-1c0">
         <name>.ebss</name>
         <uninitialized>true</uninitialized>
         <run_address>0x10be4</run_address>
         <size>0x16</size>
         <input_file_ref idref="fl-29"/>
      </object_component>
      <object_component id="oc-1c7">
         <name>.ebss</name>
         <uninitialized>true</uninitialized>
         <run_address>0x1068c</run_address>
         <size>0x2a</size>
         <input_file_ref idref="fl-2a"/>
      </object_component>
      <object_component id="oc-1d3">
         <name>.ebss</name>
         <uninitialized>true</uninitialized>
         <run_address>0x10980</run_address>
         <size>0x76</size>
         <input_file_ref idref="fl-2c"/>
      </object_component>
      <object_component id="oc-1de">
         <name>.ebss</name>
         <uninitialized>true</uninitialized>
         <run_address>0x10d70</run_address>
         <size>0xc</size>
         <input_file_ref idref="fl-2e"/>
      </object_component>
      <object_component id="oc-1e5">
         <name>.ebss</name>
         <uninitialized>true</uninitialized>
         <run_address>0x10ef2</run_address>
         <size>0x8</size>
         <input_file_ref idref="fl-2f"/>
      </object_component>
      <object_component id="oc-395">
         <name>.ebss:_suwFanFaultSetCnt$5</name>
         <uninitialized>true</uninitialized>
         <run_address>0x11042</run_address>
         <size>0x4</size>
         <input_file_ref idref="fl-2f"/>
      </object_component>
      <object_component id="oc-393">
         <name>.ebss:_suwFanFaultClrCnt$6</name>
         <uninitialized>true</uninitialized>
         <run_address>0x10ffc</run_address>
         <size>0x4</size>
         <input_file_ref idref="fl-2f"/>
      </object_component>
      <object_component id="oc-33a">
         <name>.ebss:_suwFanPulseOnCnt$7</name>
         <uninitialized>true</uninitialized>
         <run_address>0x1104a</run_address>
         <size>0x4</size>
         <input_file_ref idref="fl-2f"/>
      </object_component>
      <object_component id="oc-33c">
         <name>.ebss:_suwFanPulseOffCnt$8</name>
         <uninitialized>true</uninitialized>
         <run_address>0x11046</run_address>
         <size>0x4</size>
         <input_file_ref idref="fl-2f"/>
      </object_component>
      <object_component id="oc-1ec">
         <name>.ebss</name>
         <uninitialized>true</uninitialized>
         <run_address>0x10de4</run_address>
         <size>0xb</size>
         <input_file_ref idref="fl-30"/>
      </object_component>
      <object_component id="oc-1f3">
         <name>.ebss</name>
         <uninitialized>true</uninitialized>
         <run_address>0x10e80</run_address>
         <size>0x62</size>
         <input_file_ref idref="fl-31"/>
      </object_component>
      <object_component id="oc-1fa">
         <name>.ebss</name>
         <uninitialized>true</uninitialized>
         <run_address>0x10def</run_address>
         <size>0xb</size>
         <input_file_ref idref="fl-32"/>
      </object_component>
      <object_component id="oc-201">
         <name>.ebss</name>
         <uninitialized>true</uninitialized>
         <run_address>0x10fc2</run_address>
         <size>0x3a</size>
         <input_file_ref idref="fl-33"/>
      </object_component>
      <object_component id="oc-208">
         <name>.ebss</name>
         <uninitialized>true</uninitialized>
         <run_address>0x110c6</run_address>
         <size>0x2</size>
         <input_file_ref idref="fl-34"/>
      </object_component>
      <object_component id="oc-20f">
         <name>.ebss</name>
         <uninitialized>true</uninitialized>
         <run_address>0x110c2</run_address>
         <size>0x2</size>
         <input_file_ref idref="fl-35"/>
      </object_component>
      <object_component id="oc-351">
         <name>.ebss:_uwDspSerialNumber</name>
         <uninitialized>true</uninitialized>
         <run_address>0x11066</run_address>
         <size>0x4</size>
         <input_file_ref idref="fl-35"/>
      </object_component>
      <object_component id="oc-216">
         <name>.ebss</name>
         <uninitialized>true</uninitialized>
         <run_address>0xf000</run_address>
         <size>0x862</size>
         <input_file_ref idref="fl-36"/>
      </object_component>
      <object_component id="oc-321">
         <name>.ebss:_wDataKind</name>
         <uninitialized>true</uninitialized>
         <run_address>0x11072</run_address>
         <size>0x4</size>
         <input_file_ref idref="fl-36"/>
      </object_component>
      <object_component id="oc-32d">
         <name>.ebss:_wDebugBuffer1</name>
         <uninitialized>true</uninitialized>
         <run_address>0x10a80</run_address>
         <size>0x64</size>
         <input_file_ref idref="fl-36"/>
      </object_component>
      <object_component id="oc-32e">
         <name>.ebss:_wDebugBuffer2</name>
         <uninitialized>true</uninitialized>
         <run_address>0x10b00</run_address>
         <size>0x64</size>
         <input_file_ref idref="fl-36"/>
      </object_component>
      <object_component id="oc-32f">
         <name>.ebss:_wDebugBuffer3</name>
         <uninitialized>true</uninitialized>
         <run_address>0x10b80</run_address>
         <size>0x64</size>
         <input_file_ref idref="fl-36"/>
      </object_component>
      <object_component id="oc-330">
         <name>.ebss:_wDebugBuffer4</name>
         <uninitialized>true</uninitialized>
         <run_address>0x10c00</run_address>
         <size>0x64</size>
         <input_file_ref idref="fl-36"/>
      </object_component>
      <object_component id="oc-331">
         <name>.ebss:_wDebugBuffer5</name>
         <uninitialized>true</uninitialized>
         <run_address>0x10c80</run_address>
         <size>0x64</size>
         <input_file_ref idref="fl-36"/>
      </object_component>
      <object_component id="oc-332">
         <name>.ebss:_wDebugBuffer6</name>
         <uninitialized>true</uninitialized>
         <run_address>0x10d00</run_address>
         <size>0x64</size>
         <input_file_ref idref="fl-36"/>
      </object_component>
      <object_component id="oc-333">
         <name>.ebss:_wDebugBuffer7</name>
         <uninitialized>true</uninitialized>
         <run_address>0x10d80</run_address>
         <size>0x64</size>
         <input_file_ref idref="fl-36"/>
      </object_component>
      <object_component id="oc-334">
         <name>.ebss:_wDebugBuffer8</name>
         <uninitialized>true</uninitialized>
         <run_address>0x10e00</run_address>
         <size>0x64</size>
         <input_file_ref idref="fl-36"/>
      </object_component>
      <object_component id="oc-339">
         <name>.ebss:_wTranmitDataBuff</name>
         <uninitialized>true</uninitialized>
         <run_address>0x10340</run_address>
         <size>0x1fe</size>
         <input_file_ref idref="fl-36"/>
      </object_component>
      <object_component id="oc-324">
         <name>.ebss:_wGraphDataBuff</name>
         <uninitialized>true</uninitialized>
         <run_address>0xf880</run_address>
         <size>0x7d0</size>
         <input_file_ref idref="fl-36"/>
      </object_component>
      <object_component id="oc-21e">
         <name>.ebss</name>
         <uninitialized>true</uninitialized>
         <run_address>0x106c0</run_address>
         <size>0x89</size>
         <input_file_ref idref="fl-37"/>
      </object_component>
      <object_component id="oc-224">
         <name>.ebss</name>
         <uninitialized>true</uninitialized>
         <run_address>0x10d64</run_address>
         <size>0xc</size>
         <input_file_ref idref="fl-38"/>
      </object_component>
      <object_component id="oc-22b">
         <name>.ebss</name>
         <uninitialized>true</uninitialized>
         <run_address>0x10600</run_address>
         <size>0x8c</size>
         <input_file_ref idref="fl-39"/>
      </object_component>
      <object_component id="oc-233">
         <name>.ebss</name>
         <uninitialized>true</uninitialized>
         <run_address>0x110c8</run_address>
         <size>0x2</size>
         <input_file_ref idref="fl-3a"/>
      </object_component>
      <object_component id="oc-23a">
         <name>.ebss</name>
         <uninitialized>true</uninitialized>
         <run_address>0x10f7d</run_address>
         <size>0x3</size>
         <input_file_ref idref="fl-3b"/>
      </object_component>
      <object_component id="oc-38f">
         <name>.ebss:_uwPVConnectCnt$1</name>
         <uninitialized>true</uninitialized>
         <run_address>0x1106a</run_address>
         <size>0x4</size>
         <input_file_ref idref="fl-3b"/>
      </object_component>
      <object_component id="oc-391">
         <name>.ebss:_uwPVDisConnectCnt$2</name>
         <uninitialized>true</uninitialized>
         <run_address>0x1106e</run_address>
         <size>0x4</size>
         <input_file_ref idref="fl-3b"/>
      </object_component>
      <object_component id="oc-241">
         <name>.ebss</name>
         <uninitialized>true</uninitialized>
         <run_address>0x1074a</run_address>
         <size>0x35</size>
         <input_file_ref idref="fl-3c"/>
      </object_component>
      <object_component id="oc-384">
         <name>.ebss:_sdPVVoltSum$1</name>
         <uninitialized>true</uninitialized>
         <run_address>0x10ee2</run_address>
         <size>0x8</size>
         <input_file_ref idref="fl-3c"/>
      </object_component>
      <object_component id="oc-382">
         <name>.ebss:_udAmbResistanceTable</name>
         <uninitialized>true</uninitialized>
         <run_address>0x11100</run_address>
         <size>0x42</size>
         <input_file_ref idref="fl-3c"/>
      </object_component>
      <object_component id="oc-37c">
         <name>.ebss:_ud50_70kwInvNTCResistanceTable</name>
         <uninitialized>true</uninitialized>
         <run_address>0x11080</run_address>
         <size>0x42</size>
         <input_file_ref idref="fl-3c"/>
      </object_component>
      <object_component id="oc-37e">
         <name>.ebss:_ud25_40kwInvNTCResistanceTable</name>
         <uninitialized>true</uninitialized>
         <run_address>0x11000</run_address>
         <size>0x42</size>
         <input_file_ref idref="fl-3c"/>
      </object_component>
      <object_component id="oc-380">
         <name>.ebss:_ud25_40kwBoostResistanceTable</name>
         <uninitialized>true</uninitialized>
         <run_address>0x10f80</run_address>
         <size>0x42</size>
         <input_file_ref idref="fl-3c"/>
      </object_component>
      <object_component id="oc-248">
         <name>.ebss</name>
         <uninitialized>true</uninitialized>
         <run_address>0x10f60</run_address>
         <size>0x5</size>
[...]
         <name>_MpptInit</name>
         <value>0x8c0f0</value>
         <object_component_ref idref="oc-361"/>
      </symbol>
      <symbol id="sm-f75">
         <name>_stMpptDisturb</name>
         <value>0x10540</value>
         <object_component_ref idref="oc-327"/>
      </symbol>
      <symbol id="sm-fcd">
         <name>_CheckPVVoltRange</name>
         <value>0x8df7a</value>
         <object_component_ref idref="oc-363"/>
      </symbol>
      <symbol id="sm-fce">
         <name>_PVPanelShortCheck</name>
         <value>0x8e02c</value>
         <object_component_ref idref="oc-363"/>
      </symbol>
      <symbol id="sm-fcf">
         <name>_BusVoltSampleCheck</name>
         <value>0x8e09f</value>
         <object_component_ref idref="oc-363"/>
      </symbol>
      <symbol id="sm-fd0">
         <name>_BTCurrSampleCheck</name>
         <value>0x8e0e7</value>
         <object_component_ref idref="oc-363"/>
      </symbol>
      <symbol id="sm-fd1">
         <name>_PVPanelReserveCheck</name>
         <value>0x8dfb9</value>
         <object_component_ref idref="oc-363"/>
      </symbol>
      <symbol id="sm-ffb">
         <name>_PVISOCheck</name>
         <value>0x8e7d6</value>
         <object_component_ref idref="oc-365"/>
      </symbol>
      <symbol id="sm-1016">
         <name>_InverterNPECheck</name>
         <value>0x8f212</value>
         <object_component_ref idref="oc-366"/>
      </symbol>
      <symbol id="sm-1017">
         <name>_InverterSPDCheck</name>
         <value>0x8f1ac</value>
         <object_component_ref idref="oc-366"/>
      </symbol>
      <symbol id="sm-102d">
         <name>_PVInputTask</name>
         <value>0x8f3df</value>
         <object_component_ref idref="oc-343"/>
      </symbol>
      <symbol id="sm-102e">
         <name>_PVInputTaskParaInit</name>
         <value>0x8f3d8</value>
         <object_component_ref idref="oc-343"/>
      </symbol>
      <symbol id="sm-106d">
         <name>_SingleRelayCheck</name>
         <value>0x8cffe</value>
         <object_component_ref idref="oc-360"/>
      </symbol>
      <symbol id="sm-106e">
         <name>_DoubleRelayCheck</name>
         <value>0x8d141</value>
         <object_component_ref idref="oc-360"/>
      </symbol>
      <symbol id="sm-10c8">
         <name>_event</name>
         <value>0x10ae5</value>
         <object_component_ref idref="oc-278"/>
      </symbol>
      <symbol id="sm-10c9">
         <name>_eInverterStatus</name>
         <value>0x10ae4</value>
         <object_component_ref idref="oc-278"/>
      </symbol>
      <symbol id="sm-10ca">
         <name>_StatusTaskInit</name>
         <value>0x8ccbd</value>
         <object_component_ref idref="oc-341"/>
      </symbol>
      <symbol id="sm-10cb">
         <name>_stWaitStatus</name>
         <value>0x10af4</value>
         <object_component_ref idref="oc-278"/>
      </symbol>
      <symbol id="sm-10cc">
         <name>_StatusTask</name>
         <value>0x8ccd8</value>
         <object_component_ref idref="oc-341"/>
      </symbol>
      <symbol id="sm-10d8">
         <name>_DspBoardInit</name>
         <value>0x8f13c</value>
         <object_component_ref idref="oc-33e"/>
      </symbol>
      <symbol id="sm-10e6">
         <name>_stMachineCfg</name>
         <value>0x10a02</value>
         <object_component_ref idref="oc-283"/>
      </symbol>
      <symbol id="sm-10e7">
         <name>_stSysCfg</name>
         <value>0x10a40</value>
         <object_component_ref idref="oc-283"/>
      </symbol>
      <symbol id="sm-10e8">
         <name>_VariableInit</name>
         <value>0x8ed9e</value>
         <object_component_ref idref="oc-33f"/>
      </symbol>
      <symbol id="sm-10e9">
         <name>_stSysFaultReg</name>
         <value>0x10a14</value>
         <object_component_ref idref="oc-283"/>
      </symbol>
      <symbol id="sm-10ea">
         <name>_SysParaInit</name>
         <value>0x8ed11</value>
         <object_component_ref idref="oc-33f"/>
      </symbol>
      <symbol id="sm-10eb">
         <name>_unSysFlag</name>
         <value>0x10a00</value>
         <object_component_ref idref="oc-283"/>
      </symbol>
      <symbol id="sm-116d">
         <name>_uwDspSciRxBuf</name>
         <value>0x13ec0</value>
         <object_component_ref idref="oc-289"/>
      </symbol>
      <symbol id="sm-116e">
         <name>_BootLoader</name>
         <value>0x81000</value>
         <object_component_ref idref="oc-300"/>
      </symbol>
      <symbol id="sm-116f">
         <name>_uwDspSciTxBuf</name>
         <value>0x13e00</value>
         <object_component_ref idref="oc-289"/>
      </symbol>
      <symbol id="sm-1170">
         <name>_uwDspFlashBuf</name>
         <value>0x13e40</value>
         <object_component_ref idref="oc-289"/>
      </symbol>
      <symbol id="sm-117d">
         <name>_Fapi_issueAsyncCommandWithAddress</name>
         <value>0x134f8</value>
         <object_component_ref idref="oc-34a"/>
      </symbol>
      <symbol id="sm-118a">
         <name>_Fapi_initializeAPI</name>
         <value>0x133f6</value>
         <object_component_ref idref="oc-31b"/>
      </symbol>
      <symbol id="sm-118b">
         <name>_Fapi_GlobalInit</name>
         <value>0x13526</value>
         <object_component_ref idref="oc-293"/>
      </symbol>
      <symbol id="sm-11ab">
         <name>__Fapi_issueFsmCommand</name>
         <value>0x13458</value>
         <object_component_ref idref="oc-370"/>
      </symbol>
      <symbol id="sm-11ac">
         <name>_Fapi_setActiveFlashBank</name>
         <value>0x134b1</value>
         <object_component_ref idref="oc-31c"/>
      </symbol>
      <symbol id="sm-11ad">
         <name>__Fapi_setupSectorsForWrite</name>
         <value>0x134d6</value>
         <object_component_ref idref="oc-371"/>
      </symbol>
      <symbol id="sm-11d3">
         <name>_Fapi_issueProgrammingCommand</name>
         <value>0x13259</value>
         <object_component_ref idref="oc-34c"/>
      </symbol>
      <symbol id="sm-11e0">
         <name>_Fapi_checkFsmForReady</name>
         <value>0x1353d</value>
         <object_component_ref idref="oc-34b"/>
      </symbol>
      <symbol id="sm-11f7">
         <name>_Fapi_calculateFletcherChecksum</name>
         <value>0x1342a</value>
         <object_component_ref idref="oc-398"/>
      </symbol>
      <symbol id="sm-11f8">
         <name>__Fapi_calculateOtpChecksum</name>
         <value>0x13532</value>
         <object_component_ref idref="oc-373"/>
      </symbol>
      <symbol id="sm-11f9">
         <name>__Fapi_divideUnsignedLong</name>
         <value>0x13485</value>
         <object_component_ref idref="oc-372"/>
      </symbol>
      <symbol id="sm-11fa">
         <name>__Fapi_scaleCycleValues</name>
         <value>0x13518</value>
         <object_component_ref idref="oc-374"/>
      </symbol>
      <symbol id="sm-1203">
         <name>__IQ24cos</name>
         <value>0x9fb81</value>
         <object_component_ref idref="oc-2a7"/>
      </symbol>
      <symbol id="sm-120c">
         <name>__IQ24sin</name>
         <value>0x9fb50</value>
         <object_component_ref idref="oc-2ab"/>
      </symbol>
      <symbol id="sm-1210">
         <name>_IQ4mpyRndSatTable</name>
         <value>0x9fb20</value>
         <object_component_ref idref="oc-2af"/>
      </symbol>
      <symbol id="sm-1211">
         <name>_IQ5mpyRndSatTable</name>
         <value>0x9fb14</value>
         <object_component_ref idref="oc-2af"/>
      </symbol>
      <symbol id="sm-1212">
         <name>_IQatan2Table</name>
         <value>0x9f862</value>
         <object_component_ref idref="oc-2af"/>
      </symbol>
      <symbol id="sm-1213">
         <name>_IQisqrtTableEnd</name>
         <value>0x9f824</value>
         <object_component_ref idref="oc-2af"/>
      </symbol>
      <symbol id="sm-1214">
         <name>_IQ8mpyRndSatTable</name>
         <value>0x9faf0</value>
         <object_component_ref idref="oc-2af"/>
      </symbol>
      <symbol id="sm-1215">
         <name>_IQ9mpyRndSatTable</name>
         <value>0x9fae4</value>
         <object_component_ref idref="oc-2af"/>
      </symbol>
      <symbol id="sm-1216">
         <name>_IQsqrtTable</name>
         <value>0x9f722</value>
         <object_component_ref idref="oc-2af"/>
      </symbol>
      <symbol id="sm-1217">
         <name>_IQcosTableEnd</name>
         <value>0x9f502</value>
         <object_component_ref idref="oc-2af"/>
      </symbol>
      <symbol id="sm-1218">
         <name>_IQatan2HalfPITable</name>
         <value>0x9f824</value>
         <object_component_ref idref="oc-2af"/>
      </symbol>
      <symbol id="sm-1219">
         <name>_IQisqrtTable</name>
         <value>0x9f722</value>
         <object_component_ref idref="oc-2af"/>
      </symbol>
      <symbol id="sm-121a">
         <name>_IQsqrtRoundSatTable</name>
         <value>0x9f712</value>
         <object_component_ref idref="oc-2af"/>
      </symbol>
      <symbol id="sm-121b">
         <name>_IQsqrtTableEnd</name>
         <value>0x9f824</value>
         <object_component_ref idref="oc-2af"/>
      </symbol>
      <symbol id="sm-121c">
         <name>_IQ30mpyRndSatTable</name>
         <value>0x9f9e8</value>
         <object_component_ref idref="oc-2af"/>
      </symbol>
      <symbol id="sm-121d">
         <name>_IQ17mpyRndSatTable</name>
         <value>0x9fa84</value>
         <object_component_ref idref="oc-2af"/>
      </symbol>
      <symbol id="sm-121e">
         <name>_IQ16mpyRndSatTable</name>
         <value>0x9fa90</value>
         <object_component_ref idref="oc-2af"/>
      </symbol>
      <symbol id="sm-121f">
         <name>_IQ15mpyRndSatTable</name>
         <value>0x9fa9c</value>
         <object_component_ref idref="oc-2af"/>
      </symbol>
      <symbol id="sm-1220">
         <name>_IQ14mpyRndSatTable</name>
         <value>0x9faa8</value>
         <object_component_ref idref="oc-2af"/>
      </symbol>
      <symbol id="sm-1221">
         <name>_IQ13mpyRndSatTable</name>
         <value>0x9fab4</value>
         <object_component_ref idref="oc-2af"/>
      </symbol>
      <symbol id="sm-1222">
         <name>_IQmpyRndSatTable</name>
         <value>0x9f9e8</value>
         <object_component_ref idref="oc-2af"/>
      </symbol>
      <symbol id="sm-1223">
         <name>_IQ12mpyRndSatTable</name>
         <value>0x9fac0</value>
         <object_component_ref idref="oc-2af"/>
      </symbol>
      <symbol id="sm-1224">
         <name>_IQdivRoundSatTable</name>
         <value>0x9f502</value>
         <object_component_ref idref="oc-2af"/>
      </symbol>
      <symbol id="sm-1225">
         <name>_IQisqrtRoundSatTable</name>
         <value>0x9f712</value>
         <object_component_ref idref="oc-2af"/>
      </symbol>
      <symbol id="sm-1226">
         <name>_IQ11mpyRndSatTable</name>
         <value>0x9facc</value>
         <object_component_ref idref="oc-2af"/>
      </symbol>
      <symbol id="sm-1227">
         <name>_IQcosTable</name>
         <value>0x9f100</value>
         <object_component_ref idref="oc-2af"/>
      </symbol>
      <symbol id="sm-1228">
         <name>_IQ10mpyRndSatTable</name>
         <value>0x9fad8</value>
         <object_component_ref idref="oc-2af"/>
      </symbol>
      <symbol id="sm-1229">
         <name>_IQmpyRndSatTableEnd</name>
         <value>0x9fb50</value>
         <object_component_ref idref="oc-2af"/>
      </symbol>
      <symbol id="sm-122a">
         <name>_IQ19mpyRndSatTable</name>
         <value>0x9fa6c</value>
         <object_component_ref idref="oc-2af"/>
      </symbol>
      <symbol id="sm-122b">
         <name>_IQ27mpyRndSatTable</name>
         <value>0x9fa0c</value>
         <object_component_ref idref="oc-2af"/>
      </symbol>
      <symbol id="sm-122c">
         <name>_IQ18mpyRndSatTable</name>
         <value>0x9fa78</value>
         <object_component_ref idref="oc-2af"/>
      </symbol>
      <symbol id="sm-122d">
         <name>_IQ26mpyRndSatTable</name>
         <value>0x9fa18</value>
         <object_component_ref idref="oc-2af"/>
      </symbol>
      <symbol id="sm-122e">
         <name>_IQ25mpyRndSatTable</name>
         <value>0x9fa24</value>
         <object_component_ref idref="oc-2af"/>
      </symbol>
      <symbol id="sm-122f">
         <name>_IQsinTable</name>
         <value>0x9f000</value>
         <object_component_ref idref="oc-2af"/>
      </symbol>
      <symbol id="sm-1230">
         <name>_IQ24mpyRndSatTable</name>
         <value>0x9fa30</value>
         <object_component_ref idref="oc-2af"/>
      </symbol>
      <symbol id="sm-1231">
         <name>_IQdivTableEnd</name>
         <value>0x9f712</value>
         <object_component_ref idref="oc-2af"/>
      </symbol>
      <symbol id="sm-1232">
         <name>_IQ23mpyRndSatTable</name>
         <value>0x9fa3c</value>
         <object_component_ref idref="oc-2af"/>
      </symbol>
      <symbol id="sm-1233">
         <name>_IQ22mpyRndSatTable</name>
         <value>0x9fa48</value>
         <object_component_ref idref="oc-2af"/>
      </symbol>
      <symbol id="sm-1234">
         <name>_IQ21mpyRndSatTable</name>
         <value>0x9fa54</value>
         <object_component_ref idref="oc-2af"/>
      </symbol>
      <symbol id="sm-1235">
         <name>_IQ20mpyRndSatTable</name>
         <value>0x9fa60</value>
         <object_component_ref idref="oc-2af"/>
      </symbol>
      <symbol id="sm-1236">
         <name>_IQsinTableEnd</name>
         <value>0x9f400</value>
         <object_component_ref idref="oc-2af"/>
      </symbol>
      <symbol id="sm-1237">
         <name>_IQdivTable</name>
         <value>0x9f510</value>
         <object_component_ref idref="oc-2af"/>
      </symbol>
      <symbol id="sm-1238">
         <name>_IQ2mpyRndSatTable</name>
         <value>0x9fb38</value>
         <object_component_ref idref="oc-2af"/>
      </symbol>
      <symbol id="sm-1239">
         <name>_IQ3mpyRndSatTable</name>
         <value>0x9fb2c</value>
         <object_component_ref idref="oc-2af"/>
      </symbol>
      <symbol id="sm-123a">
         <name>_IQ1mpyRndSatTable</name>
         <value>0x9fb44</value>
         <object_component_ref idref="oc-2af"/>
      </symbol>
      <symbol id="sm-123b">
         <name>_IQ29mpyRndSatTable</name>
         <value>0x9f9f4</value>
         <object_component_ref idref="oc-2af"/>
      </symbol>
      <symbol id="sm-123c">
         <name>_IQ6mpyRndSatTable</name>
         <value>0x9fb08</value>
         <object_component_ref idref="oc-2af"/>
      </symbol>
      <symbol id="sm-123d">
         <name>_IQatan2TableEnd</name>
         <value>0x9f9e8</value>
         <object_component_ref idref="oc-2af"/>
      </symbol>
      <symbol id="sm-123e">
         <name>_IQ28mpyRndSatTable</name>
         <value>0x9fa00</value>
         <object_component_ref idref="oc-2af"/>
      </symbol>
      <symbol id="sm-123f">
         <name>_IQ7mpyRndSatTable</name>
         <value>0x9fafc</value>
         <object_component_ref idref="oc-2af"/>
      </symbol>
      <symbol id="sm-125a">
         <name>_c_int00</name>
         <value>0x8f382</value>
         <object_component_ref idref="oc-84"/>
      </symbol>
      <symbol id="sm-125b">
         <name>__stack</name>
         <value>0x400</value>
         <object_component_ref idref="oc-2b0"/>
      </symbol>
      <symbol id="sm-126c">
         <name>FS$$DIV</name>
         <value>0x8efaf</value>
         <object_component_ref idref="oc-2b6"/>
      </symbol>
      <symbol id="sm-1278">
         <name>LL$$AND</name>
         <value>0x8f626</value>
         <object_component_ref idref="oc-2bb"/>
      </symbol>
      <symbol id="sm-1279">
         <name>LL$$OR</name>
         <value>0x8f62e</value>
         <object_component_ref idref="oc-2bb"/>
      </symbol>
      <symbol id="sm-127a">
         <name>LL$$XOR</name>
         <value>0x8f636</value>
         <object_component_ref idref="oc-2bb"/>
      </symbol>
      <symbol id="sm-1288">
         <name>ULL$$CMP</name>
         <value>0x8f5cc</value>
         <object_component_ref idref="oc-2c0"/>
      </symbol>
      <symbol id="sm-1289">
         <name>LL$$CMP</name>
         <value>0x8f5ba</value>
         <object_component_ref idref="oc-2c0"/>
      </symbol>
      <symbol id="sm-1297">
         <name>I$$MOD</name>
         <value>0x8f5a9</value>
         <object_component_ref idref="oc-2c5"/>
      </symbol>
      <symbol id="sm-1298">
         <name>I$$DIV</name>
         <value>0x8f598</value>
         <object_component_ref idref="oc-2c5"/>
      </symbol>
      <symbol id="sm-12a4">
         <name>UL$$MOD</name>
         <value>0x8f4d0</value>
         <object_component_ref idref="oc-2ca"/>
      </symbol>
      <symbol id="sm-12a5">
         <name>L$$MOD</name>
         <value>0x8f4bb</value>
         <object_component_ref idref="oc-2ca"/>
      </symbol>
      <symbol id="sm-12a6">
         <name>L$$DIV</name>
         <value>0x8f4ac</value>
         <object_component_ref idref="oc-2ca"/>
      </symbol>
      <symbol id="sm-12a7">
         <name>UL$$DIV</name>
         <value>0x8f4c9</value>
         <object_component_ref idref="oc-2ca"/>
      </symbol>
      <symbol id="sm-12b6">
         <name>_copy_in</name>
         <value>0x8f574</value>
         <object_component_ref idref="oc-2fa"/>
      </symbol>
      <symbol id="sm-12c7">
         <name>_memcpy</name>
         <value>0x8f5d8</value>
         <object_component_ref idref="oc-316"/>
      </symbol>
      <symbol id="sm-12d3">
         <name>__system_pre_init</name>
         <value>0x8f66c</value>
         <object_component_ref idref="oc-2f9"/>
      </symbol>
      <symbol id="sm-12e0">
         <name>__system_post_cinit</name>
         <value>0x8f66e</value>
         <object_component_ref idref="oc-2fb"/>
      </symbol>
      <symbol id="sm-12f4">
         <name>C$$EXIT</name>
         <value>0x8f4d6</value>
         <object_component_ref idref="oc-2fd"/>
      </symbol>
      <symbol id="sm-12f5">
         <name>_exit</name>
         <value>0x8f4d8</value>
         <object_component_ref idref="oc-2fd"/>
      </symbol>
      <symbol id="sm-12f6">
         <name>___TI_cleanup_ptr</name>
         <value>0x10dfc</value>
         <object_component_ref idref="oc-2e5"/>
      </symbol>
      <symbol id="sm-12f7">
         <name>___TI_enable_exit_profile_output</name>
         <value>0x10dfa</value>
         <object_component_ref idref="oc-2e5"/>
      </symbol>
      <symbol id="sm-12f8">
         <name>_abort</name>
         <value>0x8f4d6</value>
         <object_component_ref idref="oc-2fd"/>
      </symbol>
      <symbol id="sm-12f9">
         <name>___TI_dtors_ptr</name>
         <value>0x10dfe</value>
         <object_component_ref idref="oc-2e5"/>
      </symbol>
      <symbol id="sm-130d">
         <name>__unlock</name>
         <value>0x10c7e</value>
         <object_component_ref idref="oc-36f"/>
      </symbol>
      <symbol id="sm-130e">
         <name>__lock</name>
         <value>0x10b7e</value>
         <object_component_ref idref="oc-318"/>
      </symbol>
      <symbol id="sm-130f">
         <name>__register_lock</name>
         <value>0x8f65d</value>
         <object_component_ref idref="oc-348"/>
      </symbol>
      <symbol id="sm-1310">
         <name>__nop</name>
         <value>0x8f661</value>
         <object_component_ref idref="oc-348"/>
      </symbol>
      <symbol id="sm-1311">
         <name>__register_unlock</name>
         <value>0x8f659</value>
         <object_component_ref idref="oc-348"/>
      </symbol>
      <symbol id="sm-1320">
         <name>__args_main</name>
         <value>0x8f5f5</value>
         <object_component_ref idref="oc-2fc"/>
      </symbol>
      <symbol id="sm-132e">
         <name>_memset</name>
         <value>0x8f662</value>
         <object_component_ref idref="oc-31d"/>
      </symbol>
   </symbol_table>
   <title>Link successful</title>
</link_info>
